ENSGACG00000000007
ENSGACG00000000008
ENSGACG00000000067
ENSGACG00000000071
ENSGACG00000000074
ENSGACG00000000076
ENSGACG00000000077
ENSGACG00000000080
ENSGACG00000000083
ENSGACG00000000085
ENSGACG00000000088
ENSGACG00000000091
ENSGACG00000000092
ENSGACG00000000093
ENSGACG00000000094
ENSGACG00000000096
ENSGACG00000000099
ENSGACG00000000103
ENSGACG00000000190
ENSGACG00000000193
ENSGACG00000000194
ENSGACG00000000196
ENSGACG00000000238
ENSGACG00000000240
ENSGACG00000000241
ENSGACG00000000304
ENSGACG00000000314
ENSGACG00000000318
ENSGACG00000000320
ENSGACG00000000325
ENSGACG00000000328
ENSGACG00000000330
ENSGACG00000000336
ENSGACG00000000343
ENSGACG00000000344
ENSGACG00000000345
ENSGACG00000000346
ENSGACG00000000348
ENSGACG00000000389
ENSGACG00000000408
ENSGACG00000000409
ENSGACG00000000420
ENSGACG00000000469
ENSGACG00000000517
ENSGACG00000000537
ENSGACG00000000546
ENSGACG00000000547
ENSGACG00000000548
ENSGACG00000000549
ENSGACG00000000571
ENSGACG00000000574
ENSGACG00000000577
ENSGACG00000000580
ENSGACG00000000591
ENSGACG00000000669
ENSGACG00000000670
ENSGACG00000000672
ENSGACG00000000674
ENSGACG00000000676
ENSGACG00000000677
ENSGACG00000000678
ENSGACG00000000763
ENSGACG00000000779
ENSGACG00000000780
ENSGACG00000000785
ENSGACG00000000797
ENSGACG00000000834
ENSGACG00000000842
ENSGACG00000000857
ENSGACG00000000864
ENSGACG00000000879
ENSGACG00000000899
ENSGACG00000000902
ENSGACG00000000904
ENSGACG00000000906
ENSGACG00000000907
ENSGACG00000000908
ENSGACG00000000911
ENSGACG00000000912
ENSGACG00000000918
ENSGACG00000000921
ENSGACG00000000931
ENSGACG00000000983
ENSGACG00000000984
ENSGACG00000001011
ENSGACG00000001031
ENSGACG00000001032
ENSGACG00000001033
ENSGACG00000001034
ENSGACG00000001036
ENSGACG00000001037
ENSGACG00000001038
ENSGACG00000001040
ENSGACG00000001044
ENSGACG00000001045
ENSGACG00000001046
ENSGACG00000001047
ENSGACG00000001051
ENSGACG00000001053
ENSGACG00000001054
ENSGACG00000001057
ENSGACG00000001067
ENSGACG00000001165
ENSGACG00000001249
ENSGACG00000001250
ENSGACG00000001251
ENSGACG00000001253
ENSGACG00000001256
ENSGACG00000001259
ENSGACG00000001260
ENSGACG00000001261
ENSGACG00000001263
ENSGACG00000001264
ENSGACG00000001265
ENSGACG00000001266
ENSGACG00000001267
ENSGACG00000001271
ENSGACG00000001272
ENSGACG00000001273
ENSGACG00000001274
ENSGACG00000001277
ENSGACG00000001319
ENSGACG00000001321
ENSGACG00000001322
ENSGACG00000001335
ENSGACG00000001341
ENSGACG00000001342
ENSGACG00000001344
ENSGACG00000001347
ENSGACG00000001350
ENSGACG00000001386
ENSGACG00000001394
ENSGACG00000001396
ENSGACG00000001424
ENSGACG00000001427
ENSGACG00000001430
ENSGACG00000001431
ENSGACG00000001533
ENSGACG00000001535
ENSGACG00000001536
ENSGACG00000001537
ENSGACG00000001573
ENSGACG00000001585
ENSGACG00000001596
ENSGACG00000001598
ENSGACG00000001600
ENSGACG00000001608
ENSGACG00000001618
ENSGACG00000001624
ENSGACG00000001627
ENSGACG00000001630
ENSGACG00000001632
ENSGACG00000001639
ENSGACG00000001645
ENSGACG00000001646
ENSGACG00000001650
ENSGACG00000001651
ENSGACG00000001652
ENSGACG00000001724
ENSGACG00000001736
ENSGACG00000001742
ENSGACG00000001748
ENSGACG00000001749
ENSGACG00000001756
ENSGACG00000001757
ENSGACG00000001759
ENSGACG00000001763
ENSGACG00000001764
ENSGACG00000001770
ENSGACG00000001772
ENSGACG00000001774
ENSGACG00000001775
ENSGACG00000001778
ENSGACG00000001805
ENSGACG00000001807
ENSGACG00000001884
ENSGACG00000001910
ENSGACG00000001913
ENSGACG00000001919
ENSGACG00000001921
ENSGACG00000001922
ENSGACG00000001923
ENSGACG00000001928
ENSGACG00000001932
ENSGACG00000001935
ENSGACG00000001937
ENSGACG00000001941
ENSGACG00000001944
ENSGACG00000001947
ENSGACG00000001967
ENSGACG00000001971
ENSGACG00000001972
ENSGACG00000001973
ENSGACG00000001976
ENSGACG00000001978
ENSGACG00000001979
ENSGACG00000001990
ENSGACG00000002127
ENSGACG00000002131
ENSGACG00000002148
ENSGACG00000002150
ENSGACG00000002165
ENSGACG00000002169
ENSGACG00000002171
ENSGACG00000002193
ENSGACG00000002200
ENSGACG00000002202
ENSGACG00000002204
ENSGACG00000002206
ENSGACG00000002209
ENSGACG00000002211
ENSGACG00000002212
ENSGACG00000002214
ENSGACG00000002215
ENSGACG00000002235
ENSGACG00000002238
ENSGACG00000002239
ENSGACG00000002240
ENSGACG00000002241
ENSGACG00000002251
ENSGACG00000002252
ENSGACG00000002254
ENSGACG00000002255
ENSGACG00000002259
ENSGACG00000002261
ENSGACG00000002275
ENSGACG00000002276
ENSGACG00000002281
ENSGACG00000002283
ENSGACG00000002361
ENSGACG00000002382
ENSGACG00000002399
ENSGACG00000002402
ENSGACG00000002404
ENSGACG00000002405
ENSGACG00000002473
ENSGACG00000002604
ENSGACG00000002851
ENSGACG00000002903
ENSGACG00000003006
ENSGACG00000003010
ENSGACG00000003011
ENSGACG00000003015
ENSGACG00000003030
ENSGACG00000003039
ENSGACG00000003104
ENSGACG00000003113
ENSGACG00000003119
ENSGACG00000003121
ENSGACG00000003122
ENSGACG00000003139
ENSGACG00000003142
ENSGACG00000003300
ENSGACG00000003304
ENSGACG00000003374
ENSGACG00000003379
ENSGACG00000003383
ENSGACG00000003404
ENSGACG00000003405
ENSGACG00000003407
ENSGACG00000003408
ENSGACG00000003421
ENSGACG00000003427
ENSGACG00000003536
ENSGACG00000003540
ENSGACG00000003542
ENSGACG00000003553
ENSGACG00000003624
ENSGACG00000003664
ENSGACG00000003669
ENSGACG00000003705
ENSGACG00000003770
ENSGACG00000003791
ENSGACG00000003856
ENSGACG00000003969
ENSGACG00000003971
ENSGACG00000004168
ENSGACG00000004270
ENSGACG00000004274
ENSGACG00000004278
ENSGACG00000004312
ENSGACG00000004316
ENSGACG00000004322
ENSGACG00000004326
ENSGACG00000004327
ENSGACG00000004330
ENSGACG00000004443
ENSGACG00000004472
ENSGACG00000004547
ENSGACG00000004587
ENSGACG00000004603
ENSGACG00000004606
ENSGACG00000004636
ENSGACG00000004683
ENSGACG00000004692
ENSGACG00000004719
ENSGACG00000004762
ENSGACG00000004765
ENSGACG00000004955
ENSGACG00000005067
ENSGACG00000005083
ENSGACG00000005089
ENSGACG00000005131
ENSGACG00000005133
ENSGACG00000005156
ENSGACG00000005234
ENSGACG00000005289
ENSGACG00000005312
ENSGACG00000005315
ENSGACG00000005317
ENSGACG00000005319
ENSGACG00000005338
ENSGACG00000005340
ENSGACG00000005345
ENSGACG00000005411
ENSGACG00000005415
ENSGACG00000005417
ENSGACG00000005418
ENSGACG00000005420
ENSGACG00000005425
ENSGACG00000005429
ENSGACG00000005504
ENSGACG00000005519
ENSGACG00000005524
ENSGACG00000005526
ENSGACG00000005562
ENSGACG00000005598
ENSGACG00000005617
ENSGACG00000005683
ENSGACG00000005692
ENSGACG00000005704
ENSGACG00000005871
ENSGACG00000005908
ENSGACG00000005911
ENSGACG00000005923
ENSGACG00000005970
ENSGACG00000005975
ENSGACG00000005976
ENSGACG00000005979
ENSGACG00000005990
ENSGACG00000006044
ENSGACG00000006048
ENSGACG00000006123
ENSGACG00000006178
ENSGACG00000006181
ENSGACG00000006186
ENSGACG00000006190
ENSGACG00000006218
ENSGACG00000006248
ENSGACG00000006254
ENSGACG00000006282
ENSGACG00000006290
ENSGACG00000006401
ENSGACG00000006426
ENSGACG00000006431
ENSGACG00000006432
ENSGACG00000006436
ENSGACG00000006455
ENSGACG00000006508
ENSGACG00000006517
ENSGACG00000006525
ENSGACG00000006529
ENSGACG00000006534
ENSGACG00000006536
ENSGACG00000006643
ENSGACG00000006682
ENSGACG00000006710
ENSGACG00000006711
ENSGACG00000006713
ENSGACG00000006762
ENSGACG00000006820
ENSGACG00000006825
ENSGACG00000006864
ENSGACG00000006908
ENSGACG00000006915
ENSGACG00000006943
ENSGACG00000006947
ENSGACG00000006948
ENSGACG00000006952
ENSGACG00000006957
ENSGACG00000006963
ENSGACG00000006966
ENSGACG00000006969
ENSGACG00000006971
ENSGACG00000006973
ENSGACG00000006974
ENSGACG00000006976
ENSGACG00000006977
ENSGACG00000007154
ENSGACG00000007307
ENSGACG00000007389
ENSGACG00000007399
ENSGACG00000007445
ENSGACG00000007447
ENSGACG00000007449
ENSGACG00000007451
ENSGACG00000007454
ENSGACG00000007457
ENSGACG00000007477
ENSGACG00000007491
ENSGACG00000007511
ENSGACG00000007607
ENSGACG00000007610
ENSGACG00000007655
ENSGACG00000007674
ENSGACG00000007750
ENSGACG00000007782
ENSGACG00000007789
ENSGACG00000007794
ENSGACG00000007859
ENSGACG00000007860
ENSGACG00000007864
ENSGACG00000007868
ENSGACG00000007888
ENSGACG00000007928
ENSGACG00000007939
ENSGACG00000008003
ENSGACG00000008009
ENSGACG00000008059
ENSGACG00000008139
ENSGACG00000008242
ENSGACG00000008250
ENSGACG00000008252
ENSGACG00000008253
ENSGACG00000008261
ENSGACG00000008264
ENSGACG00000008265
ENSGACG00000008301
ENSGACG00000008305
ENSGACG00000008316
ENSGACG00000008324
ENSGACG00000008332
ENSGACG00000008339
ENSGACG00000008371
ENSGACG00000008375
ENSGACG00000008457
ENSGACG00000008465
ENSGACG00000008521
ENSGACG00000008534
ENSGACG00000008537
ENSGACG00000008540
ENSGACG00000008545
ENSGACG00000008547
ENSGACG00000008551
ENSGACG00000008554
ENSGACG00000008556
ENSGACG00000008557
ENSGACG00000008561
ENSGACG00000008662
ENSGACG00000008680
ENSGACG00000008686
ENSGACG00000008826
ENSGACG00000008828
ENSGACG00000008831
ENSGACG00000008840
ENSGACG00000008842
ENSGACG00000008967
ENSGACG00000008971
ENSGACG00000008985
ENSGACG00000009016
ENSGACG00000009188
ENSGACG00000009259
ENSGACG00000009270
ENSGACG00000009290
ENSGACG00000009293
ENSGACG00000009296
ENSGACG00000009298
ENSGACG00000009300
ENSGACG00000009301
ENSGACG00000009304
ENSGACG00000009308
ENSGACG00000009312
ENSGACG00000009313
ENSGACG00000009315
ENSGACG00000009316
ENSGACG00000009320
ENSGACG00000009322
ENSGACG00000009324
ENSGACG00000009325
ENSGACG00000009327
ENSGACG00000009329
ENSGACG00000009331
ENSGACG00000009470
ENSGACG00000009472
ENSGACG00000009475
ENSGACG00000009476
ENSGACG00000009478
ENSGACG00000009480
ENSGACG00000009484
ENSGACG00000009486
ENSGACG00000009492
ENSGACG00000009493
ENSGACG00000009495
ENSGACG00000009497
ENSGACG00000009499
ENSGACG00000009503
ENSGACG00000009505
ENSGACG00000009506
ENSGACG00000009508
ENSGACG00000009513
ENSGACG00000009514
ENSGACG00000009516
ENSGACG00000009519
ENSGACG00000009521
ENSGACG00000009542
ENSGACG00000009551
ENSGACG00000009653
ENSGACG00000009674
ENSGACG00000009728
ENSGACG00000009731
ENSGACG00000009880
ENSGACG00000009883
ENSGACG00000009919
ENSGACG00000009920
ENSGACG00000010083
ENSGACG00000010096
ENSGACG00000010319
ENSGACG00000010344
ENSGACG00000010381
ENSGACG00000010393
ENSGACG00000010400
ENSGACG00000010493
ENSGACG00000010499
ENSGACG00000010501
ENSGACG00000010505
ENSGACG00000010523
ENSGACG00000010578
ENSGACG00000010717
ENSGACG00000010718
ENSGACG00000010720
ENSGACG00000010724
ENSGACG00000010727
ENSGACG00000010728
ENSGACG00000010778
ENSGACG00000010811
ENSGACG00000010812
ENSGACG00000010813
ENSGACG00000010831
ENSGACG00000010883
ENSGACG00000010888
ENSGACG00000010893
ENSGACG00000010896
ENSGACG00000010905
ENSGACG00000010909
ENSGACG00000010910
ENSGACG00000010912
ENSGACG00000010916
ENSGACG00000010948
ENSGACG00000010952
ENSGACG00000010992
ENSGACG00000011009
ENSGACG00000011017
ENSGACG00000011117
ENSGACG00000011122
ENSGACG00000011140
ENSGACG00000011154
ENSGACG00000011221
ENSGACG00000011222
ENSGACG00000011224
ENSGACG00000011226
ENSGACG00000011229
ENSGACG00000011232
ENSGACG00000011234
ENSGACG00000011237
ENSGACG00000011242
ENSGACG00000011265
ENSGACG00000011268
ENSGACG00000011274
ENSGACG00000011276
ENSGACG00000011322
ENSGACG00000011325
ENSGACG00000011326
ENSGACG00000011333
ENSGACG00000011417
ENSGACG00000011425
ENSGACG00000011428
ENSGACG00000011434
ENSGACG00000011439
ENSGACG00000011581
ENSGACG00000011583
ENSGACG00000011609
ENSGACG00000012024
ENSGACG00000012051
ENSGACG00000012062
ENSGACG00000012065
ENSGACG00000012073
ENSGACG00000012075
ENSGACG00000012078
ENSGACG00000012133
ENSGACG00000012151
ENSGACG00000012288
ENSGACG00000012299
ENSGACG00000012329
ENSGACG00000012332
ENSGACG00000012338
ENSGACG00000012343
ENSGACG00000012344
ENSGACG00000012345
ENSGACG00000012347
ENSGACG00000012348
ENSGACG00000012351
ENSGACG00000012354
ENSGACG00000012355
ENSGACG00000012356
ENSGACG00000012358
ENSGACG00000012376
ENSGACG00000012433
ENSGACG00000012439
ENSGACG00000012488
ENSGACG00000012491
ENSGACG00000012554
ENSGACG00000012556
ENSGACG00000012558
ENSGACG00000012562
ENSGACG00000012564
ENSGACG00000012566
ENSGACG00000012575
ENSGACG00000012578
ENSGACG00000012597
ENSGACG00000012600
ENSGACG00000012609
ENSGACG00000012624
ENSGACG00000012631
ENSGACG00000012632
ENSGACG00000012682
ENSGACG00000012688
ENSGACG00000012714
ENSGACG00000012717
ENSGACG00000012763
ENSGACG00000012766
ENSGACG00000012767
ENSGACG00000012769
ENSGACG00000012776
ENSGACG00000012779
ENSGACG00000012781
ENSGACG00000012783
ENSGACG00000012790
ENSGACG00000012792
ENSGACG00000012794
ENSGACG00000012797
ENSGACG00000012799
ENSGACG00000012804
ENSGACG00000012806
ENSGACG00000012809
ENSGACG00000012812
ENSGACG00000012920
ENSGACG00000012935
ENSGACG00000012948
ENSGACG00000013023
ENSGACG00000013046
ENSGACG00000013048
ENSGACG00000013051
ENSGACG00000013052
ENSGACG00000013055
ENSGACG00000013163
ENSGACG00000013164
ENSGACG00000013195
ENSGACG00000013202
ENSGACG00000013215
ENSGACG00000013216
ENSGACG00000013220
ENSGACG00000013229
ENSGACG00000013266
ENSGACG00000013270
ENSGACG00000013272
ENSGACG00000013292
ENSGACG00000013361
ENSGACG00000013364
ENSGACG00000013513
ENSGACG00000013519
ENSGACG00000013520
ENSGACG00000013545
ENSGACG00000013546
ENSGACG00000013593
ENSGACG00000013612
ENSGACG00000013659
ENSGACG00000013806
ENSGACG00000013849
ENSGACG00000013852
ENSGACG00000013874
ENSGACG00000013876
ENSGACG00000013879
ENSGACG00000013898
ENSGACG00000013989
ENSGACG00000014075
ENSGACG00000014151
ENSGACG00000014152
ENSGACG00000014153
ENSGACG00000014164
ENSGACG00000014185
ENSGACG00000014232
ENSGACG00000014251
ENSGACG00000014258
ENSGACG00000014266
ENSGACG00000014279
ENSGACG00000014282
ENSGACG00000014283
ENSGACG00000014284
ENSGACG00000014302
ENSGACG00000014305
ENSGACG00000014343
ENSGACG00000014346
ENSGACG00000014359
ENSGACG00000014376
ENSGACG00000014382
ENSGACG00000014402
ENSGACG00000014493
ENSGACG00000014522
ENSGACG00000014524
ENSGACG00000014534
ENSGACG00000014553
ENSGACG00000014556
ENSGACG00000014557
ENSGACG00000014566
ENSGACG00000014595
ENSGACG00000014596
ENSGACG00000014598
ENSGACG00000014628
ENSGACG00000014655
ENSGACG00000014758
ENSGACG00000014762
ENSGACG00000014858
ENSGACG00000014931
ENSGACG00000015012
ENSGACG00000015014
ENSGACG00000015112
ENSGACG00000015113
ENSGACG00000015142
ENSGACG00000015224
ENSGACG00000015226
ENSGACG00000015234
ENSGACG00000015235
ENSGACG00000015250
ENSGACG00000015251
ENSGACG00000015309
ENSGACG00000015344
ENSGACG00000015449
ENSGACG00000015498
ENSGACG00000015524
ENSGACG00000015572
ENSGACG00000015586
ENSGACG00000015598
ENSGACG00000015649
ENSGACG00000015703
ENSGACG00000015782
ENSGACG00000015785
ENSGACG00000015787
ENSGACG00000015788
ENSGACG00000015789
ENSGACG00000015897
ENSGACG00000015947
ENSGACG00000016042
ENSGACG00000016044
ENSGACG00000016064
ENSGACG00000016067
ENSGACG00000016077
ENSGACG00000016160
ENSGACG00000016293
ENSGACG00000016295
ENSGACG00000016298
ENSGACG00000016299
ENSGACG00000016317
ENSGACG00000016325
ENSGACG00000016327
ENSGACG00000016407
ENSGACG00000016409
ENSGACG00000016422
ENSGACG00000016423
ENSGACG00000016511
ENSGACG00000016513
ENSGACG00000016687
ENSGACG00000016689
ENSGACG00000016691
ENSGACG00000016730
ENSGACG00000016770
ENSGACG00000016853
ENSGACG00000016930
ENSGACG00000016933
ENSGACG00000016973
ENSGACG00000016979
ENSGACG00000016981
ENSGACG00000017192
ENSGACG00000017259
ENSGACG00000017261
ENSGACG00000017264
ENSGACG00000017397
ENSGACG00000017439
ENSGACG00000017443
ENSGACG00000017452
ENSGACG00000017484
ENSGACG00000017544
ENSGACG00000017547
ENSGACG00000017552
ENSGACG00000017562
ENSGACG00000017570
ENSGACG00000017572
ENSGACG00000017581
ENSGACG00000017588
ENSGACG00000017589
ENSGACG00000017650
ENSGACG00000017652
ENSGACG00000017654
ENSGACG00000017693
ENSGACG00000017696
ENSGACG00000017700
ENSGACG00000017701
ENSGACG00000017703
ENSGACG00000017710
ENSGACG00000017731
ENSGACG00000017732
ENSGACG00000017734
ENSGACG00000017736
ENSGACG00000017770
ENSGACG00000017778
ENSGACG00000017831
ENSGACG00000017866
ENSGACG00000017905
ENSGACG00000017913
ENSGACG00000017914
ENSGACG00000017995
ENSGACG00000018002
ENSGACG00000018003
ENSGACG00000018037
ENSGACG00000018047
ENSGACG00000018068
ENSGACG00000018075
ENSGACG00000018106
ENSGACG00000018165
ENSGACG00000018208
ENSGACG00000018226
ENSGACG00000018246
ENSGACG00000018249
ENSGACG00000018250
ENSGACG00000018251
ENSGACG00000018253
ENSGACG00000018279
ENSGACG00000018283
ENSGACG00000018412
ENSGACG00000018423
ENSGACG00000018464
ENSGACG00000018466
ENSGACG00000018501
ENSGACG00000018504
ENSGACG00000018506
ENSGACG00000018518
ENSGACG00000018554
ENSGACG00000018555
ENSGACG00000018565
ENSGACG00000018566
ENSGACG00000018572
ENSGACG00000018576
ENSGACG00000018593
ENSGACG00000018594
ENSGACG00000018641
ENSGACG00000018645
ENSGACG00000018646
ENSGACG00000018648
ENSGACG00000018649
ENSGACG00000018651
ENSGACG00000018666
ENSGACG00000018668
ENSGACG00000018670
ENSGACG00000018689
ENSGACG00000018738
ENSGACG00000018739
ENSGACG00000018755
ENSGACG00000018756
ENSGACG00000018760
ENSGACG00000018765
ENSGACG00000018769
ENSGACG00000018770
ENSGACG00000018781
ENSGACG00000018782
ENSGACG00000018816
ENSGACG00000018817
ENSGACG00000018842
ENSGACG00000018845
ENSGACG00000018848
ENSGACG00000018849
ENSGACG00000018850
ENSGACG00000018874
ENSGACG00000018877
ENSGACG00000018885
ENSGACG00000018886
ENSGACG00000018889
ENSGACG00000018899
ENSGACG00000018901
ENSGACG00000018903
ENSGACG00000018906
ENSGACG00000018957
ENSGACG00000018970
ENSGACG00000018971
ENSGACG00000018972
ENSGACG00000018977
ENSGACG00000018978
ENSGACG00000018984
ENSGACG00000019019
ENSGACG00000019028
ENSGACG00000019029
ENSGACG00000019051
ENSGACG00000019052
ENSGACG00000019053
ENSGACG00000019055
ENSGACG00000019056
ENSGACG00000019061
ENSGACG00000019063
ENSGACG00000019070
ENSGACG00000019130
ENSGACG00000019137
ENSGACG00000019173
ENSGACG00000019201
ENSGACG00000019205
ENSGACG00000019210
ENSGACG00000019238
ENSGACG00000019239
ENSGACG00000019261
ENSGACG00000019291
ENSGACG00000019292
ENSGACG00000019324
ENSGACG00000019356
ENSGACG00000019357
ENSGACG00000019395
ENSGACG00000019454
ENSGACG00000019490
ENSGACG00000019494
ENSGACG00000019495
ENSGACG00000019505
ENSGACG00000019508
ENSGACG00000019509
ENSGACG00000019515
ENSGACG00000019523
ENSGACG00000019581
ENSGACG00000019582
ENSGACG00000019614
ENSGACG00000019615
ENSGACG00000019623
ENSGACG00000019624
ENSGACG00000019627
ENSGACG00000019628
ENSGACG00000019631
ENSGACG00000019632
ENSGACG00000019634
ENSGACG00000019635
ENSGACG00000019636
ENSGACG00000019670
ENSGACG00000019773
ENSGACG00000019774
ENSGACG00000019775
ENSGACG00000019778
ENSGACG00000019779
ENSGACG00000019813
ENSGACG00000019829
ENSGACG00000019830
ENSGACG00000019831
ENSGACG00000019832
ENSGACG00000019833
ENSGACG00000019835
ENSGACG00000019836
ENSGACG00000019920
ENSGACG00000019921
ENSGACG00000019933
ENSGACG00000019953
ENSGACG00000019964
ENSGACG00000019965
ENSGACG00000019966
ENSGACG00000019968
ENSGACG00000019969
ENSGACG00000019971
ENSGACG00000019974
ENSGACG00000019976
ENSGACG00000020029
ENSGACG00000020061
ENSGACG00000020062
ENSGACG00000020063
ENSGACG00000020087
ENSGACG00000020136
ENSGACG00000020434
ENSGACG00000020469
ENSGACG00000020527
ENSGACG00000020529
ENSGACG00000020530
ENSGACG00000020531
ENSGACG00000020532
ENSGACG00000020533
ENSGACG00000020534
ENSGACG00000020538
ENSGACG00000020539
ENSGACG00000020540
ENSGACG00000020541
ENSGACG00000020542
ENSGACG00000020543
ENSGACG00000020587
ENSGACG00000020588
ENSGACG00000020614
ENSGACG00000020615
ENSGACG00000020857
ENSGACG00000020893
ENSGACG00000020968
ENSGACG00000020985
ENSGACG00000020989
ENSGACG00000020992
ENSGACG00000021022
ENSGACG00000021023
ENSGACG00000021033
ENSGACG00000021051
ENSGACG00000021059
ENSGACG00000021085
ENSGACG00000021087
ENSGACG00000021089
ENSGACG00000021096
ENSGACG00000021101
ENSGACG00000021127
ENSGACG00000021138
ENSGACG00000021154
ENSGACG00000021157
ENSGACG00000021158
ENSGACG00000021163
ENSGACG00000021180
ENSGACG00000021182
ENSGACG00000021183
ENSGACG00000021185
ENSGACG00000021191
ENSGACG00000021192
ENSGACG00000021194
ENSGACG00000021213
ENSGACG00000021215
ENSGACG00000021227
ENSGACG00000021228
ENSGACG00000021229
ENSGACG00000021230
ENSGACG00000021231
ENSGACG00000021232
ENSGACG00000021233
ENSGACG00000021234
ENSGACG00000021235
ENSGACG00000021236
ENSGACG00000021237
ENSGACG00000021238
ENSGACG00000021239
ENSGACG00000021287
ENSGACG00000021299
ENSGACG00000021355
ENSGACG00000021356
ENSGACG00000021364
ENSGACG00000021365
ENSGACG00000021366
ENSGACG00000021367
ENSGACG00000021368
ENSGACG00000021369
ENSGACG00000021370
ENSGACG00000021371
ENSGACG00000021376
ENSGACG00000021377
ENSGACG00000021378
ENSGACG00000021453
ENSGACG00000021554
ENSGACG00000021574
ENSGACG00000021584
ENSGACG00000021591
ENSGACG00000021592
ENSGACG00000021608
ENSGACG00000021610
ENSGACG00000021620
ENSGACG00000021630
ENSGACG00000021644
ENSGACG00000021670
ENSGACG00000021673
ENSGACG00000021674
ENSGACG00000021677
ENSGACG00000021686
ENSGACG00000021695
ENSGACG00000021704
ENSGACG00000021705
ENSGACG00000021713
ENSGACG00000021717
ENSGACG00000021730
ENSGACG00000021732
ENSGACG00000021733
ENSGACG00000021740
ENSGACG00000021752
ENSGACG00000021753
ENSGACG00000021761
ENSGACG00000021768
ENSGACG00000021780
ENSGACG00000021784
ENSGACG00000021792
ENSGACG00000021801
ENSGACG00000021835
ENSGACG00000021870
ENSGACG00000021881
ENSGACG00000021887
ENSGACG00000021911
ENSGACG00000021924
ENSGACG00000021931
ENSGACG00000021941
ENSGACG00000021945
ENSGACG00000021990
ENSGACG00000021993
ENSGACG00000021999
ENSGACG00000022004
ENSGACG00000022013
ENSGACG00000022030
ENSGACG00000022040
ENSGACG00000022042
ENSGACG00000022052
ENSGACG00000022053
ENSGACG00000022056
ENSGACG00000022063
ENSGACG00000022077
ENSGACG00000022093
ENSGACG00000022103
ENSGACG00000022118
ENSGACG00000022127
ENSGACG00000022132
ENSGACG00000022133
ENSGACG00000022136
ENSGACG00000022142
ENSGACG00000022144
ENSGACG00000022145
ENSGACG00000022146
ENSGACG00000022148
ENSGACG00000022151
ENSGACG00000022184
ENSGACG00000022185
ENSGACG00000022199
ENSGACG00000022217
ENSGACG00000022225
ENSGACG00000022229
ENSGACG00000022265
ENSGACG00000022303
ENSGACG00000022320
ENSGACG00000022330
ENSGACG00000022377
ENSGACG00000022420
ENSGACG00000022492
ENSGACG00000022535
ENSGACG00000022597
ENSGACG00000022610
ENSGACG00000022615
ENSGACG00000022671
ENSGACG00000022678
ENSGACG00000022684
ENSGACG00000022688
ENSGACG00000022710
ENSGACG00000022716
ENSGACG00000022720
ENSGACG00000022725
ENSGACG00000022726
ENSGACG00000022734
ENSGACG00000022735
ENSGACG00000022736
ENSGACG00000022741
ENSGACG00000022758
ENSGACG00000022769
ENSGACG00000022773
ENSGACG00000022784
ENSGACG00000022787
ENSGACG00000022797
ENSGACG00000022817
ENSGACG00000022821
ENSGACG00000022824
ENSGACG00000022829
ENSGACG00000022833
ENSGACG00000022835
ENSGACG00000022837
ENSGACG00000022840
ENSGACG00000022842
ENSGACG00000022843
ENSGACG00000022859
ENSGACG00000022863
ENSGACG00000022866
ENSGACG00000022875
ENSGACG00000022888
ENSGACG00000022889
ENSGACG00000022893
