DDB_G0267374
DDB_G0267376
DDB_G0267380
DDB_G0267394
DDB_G0267416
DDB_G0267480
DDB_G0267484
DDB_G0267486
DDB_G0267496
DDB_G0267498
DDB_G0267500
DDB_G0267508
DDB_G0267510
DDB_G0267526
DDB_G0267528
DDB_G0267532
DDB_G0267534
DDB_G0267540
DDB_G0267546
DDB_G0267552
DDB_G0267560
DDB_G0267574
DDB_G0267576
DDB_G0267592
DDB_G0267594
DDB_G0267606
DDB_G0267630
DDB_G0267646
DDB_G0267648
DDB_G0267676
DDB_G0267680
DDB_G0267682
DDB_G0267706
DDB_G0267708
DDB_G0267718
DDB_G0267722
DDB_G0267732
DDB_G0267748
DDB_G0267760
DDB_G0267768
DDB_G0267774
DDB_G0267786
DDB_G0267788
DDB_G0267794
DDB_G0267796
DDB_G0267820
DDB_G0267822
DDB_G0267830
DDB_G0267838
DDB_G0267840
DDB_G0267848
DDB_G0267866
DDB_G0267870
DDB_G0267872
DDB_G0267876
DDB_G0267884
DDB_G0267916
DDB_G0267918
DDB_G0267952
DDB_G0267954
DDB_G0267956
DDB_G0267966
DDB_G0267976
DDB_G0267992
DDB_G0268004
DDB_G0268014
DDB_G0268018
DDB_G0268030
DDB_G0268038
DDB_G0268040
DDB_G0268042
DDB_G0268044
DDB_G0268048
DDB_G0268076
DDB_G0268080
DDB_G0268084
DDB_G0268088
DDB_G0268092
DDB_G0268102
DDB_G0268112
DDB_G0268114
DDB_G0268116
DDB_G0268126
DDB_G0268158
DDB_G0268162
DDB_G0268168
DDB_G0268194
DDB_G0268196
DDB_G0268198
DDB_G0268216
DDB_G0268228
DDB_G0268244
DDB_G0268264
DDB_G0268288
DDB_G0268302
DDB_G0268306
DDB_G0268320
DDB_G0268360
DDB_G0268384
DDB_G0268394
DDB_G0268426
DDB_G0268448
DDB_G0268452
DDB_G0268472
DDB_G0268478
DDB_G0268496
DDB_G0268516
DDB_G0268520
DDB_G0268522
DDB_G0268534
DDB_G0268536
DDB_G0268552
DDB_G0268560
DDB_G0268564
DDB_G0268616
DDB_G0268618
DDB_G0268624
DDB_G0268630
DDB_G0268652
DDB_G0268678
DDB_G0268684
DDB_G0268686
DDB_G0268698
DDB_G0268702
DDB_G0268704
DDB_G0268706
DDB_G0268716
DDB_G0268718
DDB_G0268746
DDB_G0268762
DDB_G0268774
DDB_G0268778
DDB_G0268786
DDB_G0268790
DDB_G0268794
DDB_G0268796
DDB_G0268798
DDB_G0268818
DDB_G0268820
DDB_G0268822
DDB_G0268840
DDB_G0268862
DDB_G0268898
DDB_G0268902
DDB_G0268928
DDB_G0268938
DDB_G0268990
DDB_G0268992
DDB_G0269006
DDB_G0269024
DDB_G0269038
DDB_G0269046
DDB_G0269052
DDB_G0269062
DDB_G0269102
DDB_G0269112
DDB_G0269152
DDB_G0269162
DDB_G0269170
DDB_G0269184
DDB_G0269186
DDB_G0269188
DDB_G0269198
DDB_G0269220
DDB_G0269226
DDB_G0269232
DDB_G0269278
DDB_G0269282
DDB_G0269284
DDB_G0269286
DDB_G0269290
DDB_G0269300
DDB_G0269302
DDB_G0269304
DDB_G0269312
DDB_G0269328
DDB_G0269332
DDB_G0269334
DDB_G0269344
DDB_G0269348
DDB_G0269362
DDB_G0269368
DDB_G0269370
DDB_G0269376
DDB_G0269378
DDB_G0269400
DDB_G0269412
DDB_G0269414
DDB_G0269438
DDB_G0269440
DDB_G0269454
DDB_G0269460
DDB_G0269472
DDB_G0269486
DDB_G0269498
DDB_G0269500
DDB_G0269502
DDB_G0269510
DDB_G0269546
DDB_G0269548
DDB_G0269552
DDB_G0269554
DDB_G0269560
DDB_G0269568
DDB_G0269570
DDB_G0269608
DDB_G0269636
DDB_G0269638
DDB_G0269640
DDB_G0269642
DDB_G0269644
DDB_G0269646
DDB_G0269658
DDB_G0269676
DDB_G0269678
DDB_G0269680
DDB_G0269682
DDB_G0269684
DDB_G0269686
DDB_G0269688
DDB_G0269692
DDB_G0269694
DDB_G0269704
DDB_G0269708
DDB_G0269710
DDB_G0269712
DDB_G0269714
DDB_G0269718
DDB_G0269722
DDB_G0269724
DDB_G0269728
DDB_G0269734
DDB_G0269736
DDB_G0269738
DDB_G0269742
DDB_G0269762
DDB_G0269776
DDB_G0269780
DDB_G0269784
DDB_G0269786
DDB_G0269812
DDB_G0269814
DDB_G0269824
DDB_G0269828
DDB_G0269830
DDB_G0269840
DDB_G0269854
DDB_G0269858
DDB_G0269860
DDB_G0269886
DDB_G0269888
DDB_G0269890
DDB_G0269908
DDB_G0269924
DDB_G0269926
DDB_G0269942
DDB_G0269946
DDB_G0269948
DDB_G0269950
DDB_G0269966
DDB_G0269972
DDB_G0269980
DDB_G0269990
DDB_G0269994
DDB_G0269996
DDB_G0270020
DDB_G0270022
DDB_G0270026
DDB_G0270040
DDB_G0270044
DDB_G0270062
DDB_G0270070
DDB_G0270096
DDB_G0270098
DDB_G0270112
DDB_G0270120
DDB_G0270128
DDB_G0270150
DDB_G0270156
DDB_G0270158
DDB_G0270168
DDB_G0270172
DDB_G0270178
DDB_G0270182
DDB_G0270184
DDB_G0270194
DDB_G0270196
DDB_G0270200
DDB_G0270202
DDB_G0270228
DDB_G0270230
DDB_G0270238
DDB_G0270242
DDB_G0270246
DDB_G0270248
DDB_G0270250
DDB_G0270256
DDB_G0270266
DDB_G0270270
DDB_G0270278
DDB_G0270316
DDB_G0270320
DDB_G0270324
DDB_G0270344
DDB_G0270346
DDB_G0270356
DDB_G0270358
DDB_G0270360
DDB_G0270380
DDB_G0270382
DDB_G0270384
DDB_G0270386
DDB_G0270388
DDB_G0270398
DDB_G0270402
DDB_G0270410
DDB_G0270412
DDB_G0270416
DDB_G0270420
DDB_G0270424
DDB_G0270428
DDB_G0270438
DDB_G0270442
DDB_G0270444
DDB_G0270446
DDB_G0270448
DDB_G0270450
DDB_G0270470
DDB_G0270472
DDB_G0270488
DDB_G0270492
DDB_G0270496
DDB_G0270510
DDB_G0270516
DDB_G0270552
DDB_G0270560
DDB_G0270568
DDB_G0270578
DDB_G0270618
DDB_G0270622
DDB_G0270626
DDB_G0270640
DDB_G0270658
DDB_G0270664
DDB_G0270686
DDB_G0270692
DDB_G0270738
DDB_G0270742
DDB_G0270744
DDB_G0270754
DDB_G0270776
DDB_G0270808
DDB_G0270816
DDB_G0270828
DDB_G0270836
DDB_G0270854
DDB_G0270866
DDB_G0270868
DDB_G0270880
DDB_G0270900
DDB_G0270910
DDB_G0270928
DDB_G0270932
DDB_G0270936
DDB_G0270966
DDB_G0270972
DDB_G0270992
DDB_G0270996
DDB_G0271012
DDB_G0271014
DDB_G0271040
DDB_G0271044
DDB_G0271072
DDB_G0271094
DDB_G0271096
DDB_G0271108
DDB_G0271120
DDB_G0271240
DDB_G0271246
DDB_G0271248
DDB_G0271250
DDB_G0271264
DDB_G0271272
DDB_G0271280
DDB_G0271282
DDB_G0271288
DDB_G0271292
DDB_G0271302
DDB_G0271306
DDB_G0271312
DDB_G0271338
DDB_G0271346
DDB_G0271348
DDB_G0271358
DDB_G0271374
DDB_G0271388
DDB_G0271398
DDB_G0271400
DDB_G0271484
DDB_G0271488
DDB_G0271512
DDB_G0271514
DDB_G0271536
DDB_G0271552
DDB_G0271632
DDB_G0271642
DDB_G0271678
DDB_G0271694
DDB_G0271706
DDB_G0271724
DDB_G0271728
DDB_G0271742
DDB_G0271754
DDB_G0271814
DDB_G0271816
DDB_G0271828
DDB_G0271830
DDB_G0271832
DDB_G0271850
DDB_G0271862
DDB_G0271864
DDB_G0271880
DDB_G0271882
DDB_G0271890
DDB_G0271904
DDB_G0271906
DDB_G0271924
DDB_G0271926
DDB_G0271944
DDB_G0271968
DDB_G0271976
DDB_G0271992
DDB_G0272000
DDB_G0272018
DDB_G0272020
DDB_G0272022
DDB_G0272054
DDB_G0272056
DDB_G0272076
DDB_G0272078
DDB_G0272090
DDB_G0272130
DDB_G0272140
DDB_G0272152
DDB_G0272158
DDB_G0272176
DDB_G0272182
DDB_G0272190
DDB_G0272202
DDB_G0272230
DDB_G0272234
DDB_G0272260
DDB_G0272266
DDB_G0272322
DDB_G0272324
DDB_G0272328
DDB_G0272342
DDB_G0272344
DDB_G0272354
DDB_G0272358
DDB_G0272360
DDB_G0272362
DDB_G0272374
DDB_G0272380
DDB_G0272394
DDB_G0272418
DDB_G0272432
DDB_G0272456
DDB_G0272458
DDB_G0272464
DDB_G0272470
DDB_G0272476
DDB_G0272484
DDB_G0272524
DDB_G0272532
DDB_G0272542
DDB_G0272676
DDB_G0272678
DDB_G0272690
DDB_G0272708
DDB_G0272710
DDB_G0272730
DDB_G0272732
DDB_G0272748
DDB_G0272767
DDB_G0272771
DDB_G0272789
DDB_G0272819
DDB_G0272825
DDB_G0272835
DDB_G0272839
DDB_G0272869
DDB_G0272913
DDB_G0272935
DDB_G0272949
DDB_G0272957
DDB_G0272967
DDB_G0272971
DDB_G0272985
DDB_G0272989
DDB_G0272991
DDB_G0273003
DDB_G0273017
DDB_G0274103
DDB_G0274105
DDB_G0274107
DDB_G0274111
DDB_G0274113
DDB_G0274123
DDB_G0274125
DDB_G0274127
DDB_G0274139
DDB_G0274153
DDB_G0274165
DDB_G0274167
DDB_G0274203
DDB_G0274205
DDB_G0274213
DDB_G0274217
DDB_G0274229
DDB_G0274241
DDB_G0274247
DDB_G0274253
DDB_G0274279
DDB_G0274283
DDB_G0274311
DDB_G0274315
DDB_G0274317
DDB_G0274323
DDB_G0274327
DDB_G0274329
DDB_G0274331
DDB_G0274335
DDB_G0274347
DDB_G0274349
DDB_G0274351
DDB_G0274365
DDB_G0274367
DDB_G0274371
DDB_G0274375
DDB_G0274379
DDB_G0274389
DDB_G0274401
DDB_G0274405
DDB_G0274407
DDB_G0274437
DDB_G0274443
DDB_G0274447
DDB_G0274457
DDB_G0274461
DDB_G0274463
DDB_G0274479
DDB_G0274489
DDB_G0274505
DDB_G0274519
DDB_G0274521
DDB_G0274535
DDB_G0274549
DDB_G0274555
DDB_G0274567
DDB_G0274571
DDB_G0274577
DDB_G0274587
DDB_G0274591
DDB_G0274613
DDB_G0274627
DDB_G0274687
DDB_G0274691
DDB_G0274693
DDB_G0274697
DDB_G0274703
DDB_G0274757
DDB_G0274771
DDB_G0274775
DDB_G0274785
DDB_G0274791
DDB_G0274803
DDB_G0274805
DDB_G0274813
DDB_G0274829
DDB_G0274875
DDB_G0274893
DDB_G0274953
DDB_G0274959
DDB_G0274969
DDB_G0274981
DDB_G0275001
DDB_G0275005
DDB_G0275007
DDB_G0275021
DDB_G0275039
DDB_G0275055
DDB_G0275059
DDB_G0275073
DDB_G0275075
DDB_G0275089
DDB_G0275107
DDB_G0275113
DDB_G0275115
DDB_G0275117
DDB_G0275127
DDB_G0275141
DDB_G0275153
DDB_G0275181
DDB_G0275205
DDB_G0275209
DDB_G0275211
DDB_G0275249
DDB_G0275257
DDB_G0275277
DDB_G0275287
DDB_G0275301
DDB_G0275317
DDB_G0275323
DDB_G0275331
DDB_G0275337
DDB_G0275351
DDB_G0275377
DDB_G0275379
DDB_G0275385
DDB_G0275399
DDB_G0275401
DDB_G0275403
DDB_G0275409
DDB_G0275431
DDB_G0275441
DDB_G0275471
DDB_G0275473
DDB_G0275509
DDB_G0275513
DDB_G0275517
DDB_G0275519
DDB_G0275525
DDB_G0275529
DDB_G0275537
DDB_G0275539
DDB_G0275541
DDB_G0275543
DDB_G0275545
DDB_G0275567
DDB_G0275569
DDB_G0275573
DDB_G0275581
DDB_G0275591
DDB_G0275599
DDB_G0275611
DDB_G0275617
DDB_G0275621
DDB_G0275645
DDB_G0275647
DDB_G0275661
DDB_G0275663
DDB_G0275667
DDB_G0275669
DDB_G0275673
DDB_G0275701
DDB_G0275707
DDB_G0275733
DDB_G0275737
DDB_G0275739
DDB_G0275747
DDB_G0275775
DDB_G0275777
DDB_G0275793
DDB_G0275805
DDB_G0275813
DDB_G0275821
DDB_G0275847
DDB_G0275851
DDB_G0275853
DDB_G0275861
DDB_G0275863
DDB_G0275873
DDB_G0275881
DDB_G0275885
DDB_G0275889
DDB_G0275917
DDB_G0275919
DDB_G0275923
DDB_G0275925
DDB_G0275929
DDB_G0275933
DDB_G0275939
DDB_G0275957
DDB_G0275971
DDB_G0275973
DDB_G0275979
DDB_G0275981
DDB_G0276029
DDB_G0276031
DDB_G0276039
DDB_G0276079
DDB_G0276085
DDB_G0276099
DDB_G0276105
DDB_G0276115
DDB_G0276125
DDB_G0276129
DDB_G0276131
DDB_G0276149
DDB_G0276159
DDB_G0276189
DDB_G0276221
DDB_G0276227
DDB_G0276241
DDB_G0276243
DDB_G0276265
DDB_G0276269
DDB_G0276279
DDB_G0276281
DDB_G0276283
DDB_G0276291
DDB_G0276317
DDB_G0276325
DDB_G0276331
DDB_G0276333
DDB_G0276335
DDB_G0276347
DDB_G0276353
DDB_G0276355
DDB_G0276359
DDB_G0276377
DDB_G0276405
DDB_G0276411
DDB_G0276413
DDB_G0276431
DDB_G0276441
DDB_G0276447
DDB_G0276457
DDB_G0276471
DDB_G0276473
DDB_G0276489
DDB_G0276491
DDB_G0276493
DDB_G0276523
DDB_G0276527
DDB_G0276555
DDB_G0276561
DDB_G0276569
DDB_G0276571
DDB_G0276627
DDB_G0276631
DDB_G0276673
DDB_G0276675
DDB_G0276683
DDB_G0276711
DDB_G0276713
DDB_G0276719
DDB_G0276721
DDB_G0276779
DDB_G0276783
DDB_G0276789
DDB_G0276803
DDB_G0276805
DDB_G0276815
DDB_G0276855
DDB_G0276861
DDB_G0276871
DDB_G0276881
DDB_G0276919
DDB_G0276931
DDB_G0276977
DDB_G0277003
DDB_G0277007
DDB_G0277019
DDB_G0277025
DDB_G0277037
DDB_G0277049
DDB_G0277065
DDB_G0277071
DDB_G0277075
DDB_G0277087
DDB_G0277089
DDB_G0277093
DDB_G0277107
DDB_G0277115
DDB_G0277129
DDB_G0277135
DDB_G0277143
DDB_G0277149
DDB_G0277155
DDB_G0277159
DDB_G0277163
DDB_G0277189
DDB_G0277195
DDB_G0277197
DDB_G0277217
DDB_G0277223
DDB_G0277231
DDB_G0277235
DDB_G0277237
DDB_G0277247
DDB_G0277253
DDB_G0277255
DDB_G0277263
DDB_G0277265
DDB_G0277279
DDB_G0277289
DDB_G0277303
DDB_G0277309
DDB_G0277311
DDB_G0277313
DDB_G0277319
DDB_G0277327
DDB_G0277341
DDB_G0277345
DDB_G0277361
DDB_G0277367
DDB_G0277369
DDB_G0277371
DDB_G0277375
DDB_G0277397
DDB_G0277403
DDB_G0277405
DDB_G0277427
DDB_G0277435
DDB_G0277471
DDB_G0277479
DDB_G0277483
DDB_G0277509
DDB_G0277533
DDB_G0277535
DDB_G0277561
DDB_G0277563
DDB_G0277565
DDB_G0277629
DDB_G0277631
DDB_G0277667
DDB_G0277669
DDB_G0277671
DDB_G0277677
DDB_G0277681
DDB_G0277691
DDB_G0277699
DDB_G0277725
DDB_G0277745
DDB_G0277755
DDB_G0277757
DDB_G0277761
DDB_G0277763
DDB_G0277777
DDB_G0277799
DDB_G0277801
DDB_G0277803
DDB_G0277835
DDB_G0277841
DDB_G0277859
DDB_G0277871
DDB_G0277885
DDB_G0277893
DDB_G0277899
DDB_G0277907
DDB_G0277911
DDB_G0277927
DDB_G0277945
DDB_G0277951
DDB_G0277953
DDB_G0277955
DDB_G0277957
DDB_G0277971
DDB_G0277977
DDB_G0277983
DDB_G0277991
DDB_G0277997
DDB_G0278003
DDB_G0278013
DDB_G0278015
DDB_G0278021
DDB_G0278025
DDB_G0278027
DDB_G0278031
DDB_G0278039
DDB_G0278095
DDB_G0278097
DDB_G0278107
DDB_G0278111
DDB_G0278121
DDB_G0278141
DDB_G0278153
DDB_G0278157
DDB_G0278159
DDB_G0278193
DDB_G0278203
DDB_G0278227
DDB_G0278233
DDB_G0278253
DDB_G0278257
DDB_G0278263
DDB_G0278273
DDB_G0278275
DDB_G0278277
DDB_G0278283
DDB_G0278321
DDB_G0278327
DDB_G0278329
DDB_G0278335
DDB_G0278353
DDB_G0278367
DDB_G0278369
DDB_G0278373
DDB_G0278387
DDB_G0278395
DDB_G0278411
DDB_G0278413
DDB_G0278427
DDB_G0278429
DDB_G0278433
DDB_G0278459
DDB_G0278461
DDB_G0278471
DDB_G0278481
DDB_G0278491
DDB_G0278493
DDB_G0278495
DDB_G0278501
DDB_G0278505
DDB_G0278507
DDB_G0278527
DDB_G0278541
DDB_G0278569
DDB_G0278579
DDB_G0278601
DDB_G0278607
DDB_G0278627
DDB_G0278643
DDB_G0278661
DDB_G0278663
DDB_G0278671
DDB_G0278685
DDB_G0278701
DDB_G0278705
DDB_G0278709
DDB_G0278713
DDB_G0278729
DDB_G0278733
DDB_G0278747
DDB_G0278751
DDB_G0278769
DDB_G0278771
DDB_G0278781
DDB_G0278791
DDB_G0278801
DDB_G0278805
DDB_G0278817
DDB_G0278819
DDB_G0278829
DDB_G0278841
DDB_G0278843
DDB_G0278849
DDB_G0278869
DDB_G0278883
DDB_G0278885
DDB_G0278887
DDB_G0278889
DDB_G0278893
DDB_G0278897
DDB_G0278903
DDB_G0278925
DDB_G0278929
DDB_G0278935
DDB_G0278937
DDB_G0278945
DDB_G0278957
DDB_G0278959
DDB_G0278961
DDB_G0278979
DDB_G0278983
DDB_G0279003
DDB_G0279005
DDB_G0279011
DDB_G0279013
DDB_G0279015
DDB_G0279019
DDB_G0279033
DDB_G0279037
DDB_G0279045
DDB_G0279047
DDB_G0279049
DDB_G0279061
DDB_G0279081
DDB_G0279089
DDB_G0279095
DDB_G0279099
DDB_G0279109
DDB_G0279111
DDB_G0279115
DDB_G0279137
DDB_G0279149
DDB_G0279173
DDB_G0279175
DDB_G0279181
DDB_G0279189
DDB_G0279205
DDB_G0279207
DDB_G0279213
DDB_G0279223
DDB_G0279225
DDB_G0279227
DDB_G0279231
DDB_G0279237
DDB_G0279245
DDB_G0279251
DDB_G0279259
DDB_G0279263
DDB_G0279277
DDB_G0279279
DDB_G0279285
DDB_G0279287
DDB_G0279309
DDB_G0279311
DDB_G0279313
DDB_G0279317
DDB_G0279321
DDB_G0279323
DDB_G0279327
DDB_G0279349
DDB_G0279351
DDB_G0279357
DDB_G0279367
DDB_G0279371
DDB_G0279373
DDB_G0279375
DDB_G0279377
DDB_G0279381
DDB_G0279387
DDB_G0279411
DDB_G0279413
DDB_G0279419
DDB_G0279421
DDB_G0279425
DDB_G0279427
DDB_G0279429
DDB_G0279459
DDB_G0279475
DDB_G0279477
DDB_G0279489
DDB_G0279519
DDB_G0279527
DDB_G0279531
DDB_G0279535
DDB_G0279583
DDB_G0279591
DDB_G0279593
DDB_G0279599
DDB_G0279601
DDB_G0279627
DDB_G0279635
DDB_G0279639
DDB_G0279641
DDB_G0279647
DDB_G0279653
DDB_G0279659
DDB_G0279669
DDB_G0279677
DDB_G0279693
DDB_G0279697
DDB_G0279715
DDB_G0279751
DDB_G0279755
DDB_G0279761
DDB_G0279769
DDB_G0279785
DDB_G0279791
DDB_G0279793
DDB_G0279801
DDB_G0279803
DDB_G0279807
DDB_G0279809
DDB_G0279813
DDB_G0279823
DDB_G0279903
DDB_G0279941
DDB_G0279945
DDB_G0279959
DDB_G0279961
DDB_G0279979
DDB_G0279991
DDB_G0279997
DDB_G0280015
DDB_G0280017
DDB_G0280025
DDB_G0280041
DDB_G0280045
DDB_G0280047
DDB_G0280065
DDB_G0280071
DDB_G0280077
DDB_G0280079
DDB_G0280081
DDB_G0280109
DDB_G0280113
DDB_G0280121
DDB_G0280123
DDB_G0280135
DDB_G0280163
DDB_G0280165
DDB_G0280173
DDB_G0280175
DDB_G0280177
DDB_G0280191
DDB_G0280193
DDB_G0280197
DDB_G0280209
DDB_G0280215
DDB_G0280227
DDB_G0280229
DDB_G0280235
DDB_G0280243
DDB_G0280247
DDB_G0280249
DDB_G0280257
DDB_G0280259
DDB_G0280267
DDB_G0280283
DDB_G0280287
DDB_G0280311
DDB_G0280313
DDB_G0280329
DDB_G0280357
DDB_G0280363
DDB_G0280367
DDB_G0280373
DDB_G0280375
DDB_G0280383
DDB_G0280385
DDB_G0280399
DDB_G0280403
DDB_G0280421
DDB_G0280431
DDB_G0280435
DDB_G0280447
DDB_G0280451
DDB_G0280455
DDB_G0280463
DDB_G0280465
DDB_G0280469
DDB_G0280471
DDB_G0280473
DDB_G0280481
DDB_G0280487
DDB_G0280489
DDB_G0280507
DDB_G0280525
DDB_G0280535
DDB_G0280567
DDB_G0280595
DDB_G0280607
DDB_G0280773
DDB_G0280777
DDB_G0280783
DDB_G0280797
DDB_G0280801
DDB_G0280803
DDB_G0280805
DDB_G0280815
DDB_G0280823
DDB_G0280849
DDB_G0280851
DDB_G0280875
DDB_G0280889
DDB_G0280891
DDB_G0280893
DDB_G0280907
DDB_G0280909
DDB_G0280919
DDB_G0280921
DDB_G0280923
DDB_G0280945
DDB_G0280947
DDB_G0280959
DDB_G0280965
DDB_G0280979
DDB_G0280985
DDB_G0280987
DDB_G0280989
DDB_G0280995
DDB_G0281025
DDB_G0281043
DDB_G0281045
DDB_G0281051
DDB_G0281061
DDB_G0281067
DDB_G0281081
DDB_G0281091
DDB_G0281093
DDB_G0281099
DDB_G0281109
DDB_G0281111
DDB_G0281151
DDB_G0281153
DDB_G0281163
DDB_G0281177
DDB_G0281183
DDB_G0281213
DDB_G0281215
DDB_G0281219
DDB_G0281223
DDB_G0281225
DDB_G0281227
DDB_G0281235
DDB_G0281237
DDB_G0281259
DDB_G0281269
DDB_G0281277
DDB_G0281279
DDB_G0281281
DDB_G0281309
DDB_G0281315
DDB_G0281325
DDB_G0281331
DDB_G0281339
DDB_G0281351
DDB_G0281359
DDB_G0281363
DDB_G0281367
DDB_G0281393
DDB_G0281403
DDB_G0281409
DDB_G0281415
DDB_G0281429
DDB_G0281447
DDB_G0281465
DDB_G0281469
DDB_G0281483
DDB_G0281487
DDB_G0281489
DDB_G0281505
DDB_G0281523
DDB_G0281547
DDB_G0281551
DDB_G0281565
DDB_G0281585
DDB_G0281587
DDB_G0281595
DDB_G0281599
DDB_G0281601
DDB_G0281603
DDB_G0281621
DDB_G0281623
DDB_G0281641
DDB_G0281677
DDB_G0281693
DDB_G0281705
DDB_G0281709
DDB_G0281719
DDB_G0281725
DDB_G0281743
DDB_G0281751
DDB_G0281763
DDB_G0281773
DDB_G0281779
DDB_G0281789
DDB_G0281793
DDB_G0281795
DDB_G0281815
DDB_G0281835
DDB_G0281837
DDB_G0281839
DDB_G0281859
DDB_G0281865
DDB_G0281871
DDB_G0281873
DDB_G0281901
DDB_G0281907
DDB_G0281909
DDB_G0281911
DDB_G0281913
DDB_G0281919
DDB_G0281933
DDB_G0281937
DDB_G0281981
DDB_G0281983
DDB_G0281985
DDB_G0281991
DDB_G0282007
DDB_G0282011
DDB_G0282021
DDB_G0282035
DDB_G0282087
DDB_G0282097
DDB_G0282099
DDB_G0282101
DDB_G0282117
DDB_G0282151
DDB_G0282157
DDB_G0282159
DDB_G0282195
DDB_G0282213
DDB_G0282219
DDB_G0282275
DDB_G0282287
DDB_G0282301
DDB_G0282311
DDB_G0282337
DDB_G0282367
DDB_G0282375
DDB_G0282387
DDB_G0282421
DDB_G0282425
DDB_G0282427
DDB_G0282431
DDB_G0282433
DDB_G0282453
DDB_G0282463
DDB_G0282471
DDB_G0282483
DDB_G0282491
DDB_G0282497
DDB_G0282573
DDB_G0282583
DDB_G0282593
DDB_G0282595
DDB_G0282597
DDB_G0282601
DDB_G0282605
DDB_G0282611
DDB_G0282615
DDB_G0282617
DDB_G0282623
DDB_G0282627
DDB_G0282693
DDB_G0282695
DDB_G0282711
DDB_G0282713
DDB_G0282729
DDB_G0282731
DDB_G0282743
DDB_G0282747
DDB_G0282793
DDB_G0282803
DDB_G0282805
DDB_G0282813
DDB_G0282823
DDB_G0282831
DDB_G0282845
DDB_G0282859
DDB_G0282863
DDB_G0282873
DDB_G0282881
DDB_G0282903
DDB_G0282921
DDB_G0282923
DDB_G0282929
DDB_G0282935
DDB_G0282937
DDB_G0282951
DDB_G0282961
DDB_G0282965
DDB_G0283001
DDB_G0283003
DDB_G0283005
DDB_G0283007
DDB_G0283013
DDB_G0283017
DDB_G0283037
DDB_G0283049
DDB_G0283061
DDB_G0283063
DDB_G0283095
DDB_G0283099
DDB_G0283107
DDB_G0283109
DDB_G0283111
DDB_G0283113
DDB_G0283115
DDB_G0283119
DDB_G0283129
DDB_G0283147
DDB_G0283159
DDB_G0283161
DDB_G0283163
DDB_G0283177
DDB_G0283189
DDB_G0283193
DDB_G0283203
DDB_G0283205
DDB_G0283251
DDB_G0283273
DDB_G0283275
DDB_G0283283
DDB_G0283309
DDB_G0283311
DDB_G0283345
DDB_G0283347
DDB_G0283355
DDB_G0283361
DDB_G0283375
DDB_G0283381
DDB_G0283405
DDB_G0283413
DDB_G0283415
DDB_G0283437
DDB_G0283473
DDB_G0283479
DDB_G0283495
DDB_G0283497
DDB_G0283533
DDB_G0283535
DDB_G0283541
DDB_G0283543
DDB_G0283565
DDB_G0283573
DDB_G0283581
DDB_G0283597
DDB_G0283601
DDB_G0283607
DDB_G0283617
DDB_G0283621
DDB_G0283633
DDB_G0283635
DDB_G0283667
DDB_G0283673
DDB_G0283677
DDB_G0283681
DDB_G0283683
DDB_G0283685
DDB_G0283687
DDB_G0283715
DDB_G0283717
DDB_G0283719
DDB_G0283733
DDB_G0283735
DDB_G0283737
DDB_G0283741
DDB_G0283745
DDB_G0283759
DDB_G0283761
DDB_G0283763
DDB_G0283765
DDB_G0283767
DDB_G0283773
DDB_G0283789
DDB_G0283793
DDB_G0283795
DDB_G0283813
DDB_G0283823
DDB_G0283825
DDB_G0283829
DDB_G0283831
DDB_G0283837
DDB_G0283843
DDB_G0283845
DDB_G0283859
DDB_G0283861
DDB_G0283865
DDB_G0283889
DDB_G0283893
DDB_G0283901
DDB_G0283963
DDB_G0283965
DDB_G0283969
DDB_G0283971
DDB_G0283987
DDB_G0284003
DDB_G0284007
DDB_G0284011
DDB_G0284021
DDB_G0284039
DDB_G0284041
DDB_G0284059
DDB_G0284067
DDB_G0284069
DDB_G0284071
DDB_G0284075
DDB_G0284093
DDB_G0284097
DDB_G0284099
DDB_G0284125
DDB_G0284129
DDB_G0284153
DDB_G0284167
DDB_G0284197
DDB_G0284201
DDB_G0284203
DDB_G0284205
DDB_G0284223
DDB_G0284237
DDB_G0284241
DDB_G0284253
DDB_G0284257
DDB_G0284259
DDB_G0284263
DDB_G0284267
DDB_G0284293
DDB_G0284313
DDB_G0284319
DDB_G0284325
DDB_G0284341
DDB_G0284343
DDB_G0284345
DDB_G0284353
DDB_G0284361
DDB_G0284367
DDB_G0284371
DDB_G0284383
DDB_G0284399
DDB_G0284403
DDB_G0284405
DDB_G0284411
DDB_G0284419
DDB_G0284421
DDB_G0284423
DDB_G0284431
DDB_G0284433
DDB_G0284435
DDB_G0284437
DDB_G0284457
DDB_G0284463
DDB_G0284473
DDB_G0284483
DDB_G0284493
DDB_G0284495
DDB_G0284509
DDB_G0284513
DDB_G0284533
DDB_G0284539
DDB_G0284555
DDB_G0284557
DDB_G0284561
DDB_G0284563
DDB_G0284573
DDB_G0284575
DDB_G0284577
DDB_G0284583
DDB_G0284601
DDB_G0284611
DDB_G0284621
DDB_G0284643
DDB_G0284651
DDB_G0284663
DDB_G0284679
DDB_G0284681
DDB_G0284683
DDB_G0284685
DDB_G0284687
DDB_G0284689
DDB_G0284691
DDB_G0284697
DDB_G0284699
DDB_G0284701
DDB_G0284727
DDB_G0284735
DDB_G0284749
DDB_G0284751
DDB_G0284799
DDB_G0284817
DDB_G0284833
DDB_G0284869
DDB_G0284871
DDB_G0284887
DDB_G0284889
DDB_G0284911
DDB_G0284943
DDB_G0284947
DDB_G0284953
DDB_G0284963
DDB_G0284969
DDB_G0284977
DDB_G0284979
DDB_G0284995
DDB_G0285007
DDB_G0285011
DDB_G0285021
DDB_G0285029
DDB_G0285031
DDB_G0285057
DDB_G0285067
DDB_G0285077
DDB_G0285079
DDB_G0285083
DDB_G0285095
DDB_G0285099
DDB_G0285103
DDB_G0285105
DDB_G0285107
DDB_G0285113
DDB_G0285119
DDB_G0285125
DDB_G0285133
DDB_G0285137
DDB_G0285139
DDB_G0285143
DDB_G0285145
DDB_G0285159
DDB_G0285175
DDB_G0285177
DDB_G0285191
DDB_G0285193
DDB_G0285201
DDB_G0285223
DDB_G0285233
DDB_G0285239
DDB_G0285251
DDB_G0285275
DDB_G0285277
DDB_G0285279
DDB_G0285285
DDB_G0285293
DDB_G0285295
DDB_G0285311
DDB_G0285333
DDB_G0285335
DDB_G0285345
DDB_G0285349
DDB_G0285359
DDB_G0285363
DDB_G0285373
DDB_G0285399
DDB_G0285401
DDB_G0285403
DDB_G0285411
DDB_G0285429
DDB_G0285433
DDB_G0285437
DDB_G0285461
DDB_G0285471
DDB_G0285489
DDB_G0285491
DDB_G0285493
DDB_G0285495
DDB_G0285503
DDB_G0285505
DDB_G0285507
DDB_G0285509
DDB_G0285513
DDB_G0285519
DDB_G0285521
DDB_G0285523
DDB_G0285525
DDB_G0285527
DDB_G0285539
DDB_G0285543
DDB_G0285545
DDB_G0285561
DDB_G0285579
DDB_G0285581
DDB_G0285593
DDB_G0285635
DDB_G0285653
DDB_G0285657
DDB_G0285681
DDB_G0285689
DDB_G0285705
DDB_G0285711
DDB_G0285713
DDB_G0285715
DDB_G0285717
DDB_G0285735
DDB_G0285767
DDB_G0285783
DDB_G0285803
DDB_G0285805
DDB_G0285811
DDB_G0285813
DDB_G0285821
DDB_G0285823
DDB_G0285825
DDB_G0285827
DDB_G0285831
DDB_G0285837
DDB_G0285847
DDB_G0285853
DDB_G0285869
DDB_G0285877
DDB_G0285919
DDB_G0285921
DDB_G0285925
DDB_G0285927
DDB_G0285933
DDB_G0285943
DDB_G0285953
DDB_G0285955
DDB_G0285971
DDB_G0285973
DDB_G0285985
DDB_G0286007
DDB_G0286009
DDB_G0286011
DDB_G0286051
DDB_G0286053
DDB_G0286057
DDB_G0286063
DDB_G0286065
DDB_G0286069
DDB_G0286075
DDB_G0286077
DDB_G0286079
DDB_G0286089
DDB_G0286111
DDB_G0286117
DDB_G0286131
DDB_G0286135
DDB_G0286147
DDB_G0286149
DDB_G0286159
DDB_G0286167
DDB_G0286171
DDB_G0286173
DDB_G0286199
DDB_G0286233
DDB_G0286253
DDB_G0286271
DDB_G0286293
DDB_G0286295
DDB_G0286303
DDB_G0286331
DDB_G0286345
DDB_G0286397
DDB_G0286399
DDB_G0286423
DDB_G0286425
DDB_G0286427
DDB_G0286443
DDB_G0286445
DDB_G0286457
DDB_G0286467
DDB_G0286473
DDB_G0286501
DDB_G0286505
DDB_G0286513
DDB_G0286515
DDB_G0286519
DDB_G0286525
DDB_G0286543
DDB_G0286581
DDB_G0286583
DDB_G0286603
DDB_G0286615
DDB_G0286633
DDB_G0286637
DDB_G0286645
DDB_G0286661
DDB_G0286665
DDB_G0286691
DDB_G0286701
DDB_G0286705
DDB_G0286707
DDB_G0286749
DDB_G0286759
DDB_G0286761
DDB_G0286793
DDB_G0286797
DDB_G0286805
DDB_G0286809
DDB_G0286811
DDB_G0286817
DDB_G0286833
DDB_G0286931
DDB_G0286939
DDB_G0286941
DDB_G0286945
DDB_G0286951
DDB_G0286985
DDB_G0286991
DDB_G0287003
DDB_G0287005
DDB_G0287007
DDB_G0287017
DDB_G0287019
DDB_G0287021
DDB_G0287027
DDB_G0287043
DDB_G0287053
DDB_G0287067
DDB_G0287071
DDB_G0287073
DDB_G0287077
DDB_G0287079
DDB_G0287081
DDB_G0287103
DDB_G0287107
DDB_G0287109
DDB_G0287111
DDB_G0287115
DDB_G0287131
DDB_G0287135
DDB_G0287141
DDB_G0287149
DDB_G0287157
DDB_G0287169
DDB_G0287171
DDB_G0287197
DDB_G0287201
DDB_G0287233
DDB_G0287255
DDB_G0287261
DDB_G0287279
DDB_G0287289
DDB_G0287327
DDB_G0287331
DDB_G0287333
DDB_G0287345
DDB_G0287353
DDB_G0287371
DDB_G0287391
DDB_G0287401
DDB_G0287405
DDB_G0287445
DDB_G0287447
DDB_G0287469
DDB_G0287497
DDB_G0287513
DDB_G0287517
DDB_G0287519
DDB_G0287529
DDB_G0287537
DDB_G0287543
DDB_G0287551
DDB_G0287555
DDB_G0287563
DDB_G0287569
DDB_G0287573
DDB_G0287577
DDB_G0287601
DDB_G0287607
DDB_G0287621
DDB_G0287625
DDB_G0287627
DDB_G0287633
DDB_G0287639
DDB_G0287653
DDB_G0287661
DDB_G0287663
DDB_G0287697
DDB_G0287707
DDB_G0287723
DDB_G0287727
DDB_G0287737
DDB_G0287739
DDB_G0287745
DDB_G0287749
DDB_G0287751
DDB_G0287753
DDB_G0287755
DDB_G0287761
DDB_G0287769
DDB_G0287775
DDB_G0287777
DDB_G0287779
DDB_G0287801
DDB_G0287813
DDB_G0287815
DDB_G0287827
DDB_G0287829
DDB_G0287831
DDB_G0287855
DDB_G0287857
DDB_G0287869
DDB_G0287873
DDB_G0287875
DDB_G0287881
DDB_G0287889
DDB_G0287895
DDB_G0287899
DDB_G0287937
DDB_G0287947
DDB_G0287951
DDB_G0287953
DDB_G0287965
DDB_G0287975
DDB_G0287993
DDB_G0288009
DDB_G0288017
DDB_G0288027
DDB_G0288029
DDB_G0288041
DDB_G0288045
DDB_G0288047
DDB_G0288089
DDB_G0288099
DDB_G0288105
DDB_G0288111
DDB_G0288129
DDB_G0288133
DDB_G0288137
DDB_G0288145
DDB_G0288149
DDB_G0288161
DDB_G0288175
DDB_G0288181
DDB_G0288203
DDB_G0288209
DDB_G0288215
DDB_G0288217
DDB_G0288227
DDB_G0288241
DDB_G0288243
DDB_G0288255
DDB_G0288259
DDB_G0288273
DDB_G0288287
DDB_G0288289
DDB_G0288291
DDB_G0288293
DDB_G0288299
DDB_G0288303
DDB_G0288313
DDB_G0288319
DDB_G0288323
DDB_G0288325
DDB_G0288327
DDB_G0288329
DDB_G0288333
DDB_G0288349
DDB_G0288351
DDB_G0288355
DDB_G0288379
DDB_G0288385
DDB_G0288391
DDB_G0288401
DDB_G0288405
DDB_G0288435
DDB_G0288447
DDB_G0288453
DDB_G0288465
DDB_G0288469
DDB_G0288471
DDB_G0288473
DDB_G0288481
DDB_G0288483
DDB_G0288495
DDB_G0288533
DDB_G0288537
DDB_G0288543
DDB_G0288545
DDB_G0288547
DDB_G0288549
DDB_G0288551
DDB_G0288559
DDB_G0288565
DDB_G0288589
DDB_G0288593
DDB_G0288595
DDB_G0288597
DDB_G0288599
DDB_G0288609
DDB_G0288611
DDB_G0288615
DDB_G0288621
DDB_G0288627
DDB_G0288629
DDB_G0288641
DDB_G0288643
DDB_G0288645
DDB_G0288659
DDB_G0288673
DDB_G0288681
DDB_G0288685
DDB_G0288699
DDB_G0288701
DDB_G0288729
DDB_G0288747
DDB_G0288751
DDB_G0288757
DDB_G0288759
DDB_G0288763
DDB_G0288769
DDB_G0288773
DDB_G0288783
DDB_G0288799
DDB_G0288811
DDB_G0288819
DDB_G0288821
DDB_G0288823
DDB_G0288847
DDB_G0288849
DDB_G0288863
DDB_G0288871
DDB_G0288875
DDB_G0288877
DDB_G0288891
DDB_G0288893
DDB_G0288899
DDB_G0288903
DDB_G0288909
DDB_G0288933
DDB_G0288935
DDB_G0288947
DDB_G0288949
DDB_G0288953
DDB_G0288959
DDB_G0288961
DDB_G0288963
DDB_G0288969
DDB_G0288979
DDB_G0288981
DDB_G0288983
DDB_G0288991
DDB_G0289011
DDB_G0289015
DDB_G0289025
DDB_G0289029
DDB_G0289037
DDB_G0289067
DDB_G0289075
DDB_G0289079
DDB_G0289081
DDB_G0289125
DDB_G0289139
DDB_G0289151
DDB_G0289157
DDB_G0289181
DDB_G0289183
DDB_G0289199
DDB_G0289203
DDB_G0289215
DDB_G0289233
DDB_G0289235
DDB_G0289237
DDB_G0289243
DDB_G0289335
DDB_G0289337
DDB_G0289339
DDB_G0289343
DDB_G0289345
DDB_G0289361
DDB_G0289371
DDB_G0289385
DDB_G0289413
DDB_G0289415
DDB_G0289429
DDB_G0289453
DDB_G0289465
DDB_G0289469
DDB_G0289479
DDB_G0289499
DDB_G0289515
DDB_G0289517
DDB_G0289523
DDB_G0289535
DDB_G0289541
DDB_G0289547
DDB_G0289571
DDB_G0289577
DDB_G0289583
DDB_G0289587
DDB_G0289621
DDB_G0289623
DDB_G0289625
DDB_G0289627
DDB_G0289671
DDB_G0289675
DDB_G0289679
DDB_G0289703
DDB_G0289711
DDB_G0289713
DDB_G0289733
DDB_G0289771
DDB_G0289807
DDB_G0289829
DDB_G0289831
DDB_G0289877
DDB_G0289879
DDB_G0289881
DDB_G0289885
DDB_G0289891
DDB_G0289893
DDB_G0289923
DDB_G0289935
DDB_G0289941
DDB_G0289943
DDB_G0289985
DDB_G0290011
DDB_G0290015
DDB_G0290029
DDB_G0290055
DDB_G0290075
DDB_G0290083
DDB_G0290097
DDB_G0290103
DDB_G0290107
DDB_G0290111
DDB_G0290141
DDB_G0290145
DDB_G0290147
DDB_G0290161
DDB_G0290181
DDB_G0290209
DDB_G0290211
DDB_G0290221
DDB_G0290227
DDB_G0290237
DDB_G0290277
DDB_G0290279
DDB_G0290291
DDB_G0290297
DDB_G0290299
DDB_G0290311
DDB_G0290313
DDB_G0290315
DDB_G0290325
DDB_G0290327
DDB_G0290331
DDB_G0290337
DDB_G0290339
DDB_G0290347
DDB_G0290351
DDB_G0290359
DDB_G0290391
DDB_G0290395
DDB_G0290397
DDB_G0290401
DDB_G0290403
DDB_G0290417
DDB_G0290421
DDB_G0290425
DDB_G0290483
DDB_G0290495
DDB_G0290499
DDB_G0290501
DDB_G0290523
DDB_G0290551
DDB_G0290553
DDB_G0290555
DDB_G0290573
DDB_G0290577
DDB_G0290587
DDB_G0290591
DDB_G0290619
DDB_G0290649
DDB_G0290651
DDB_G0290693
DDB_G0290697
DDB_G0290757
DDB_G0290759
DDB_G0290761
DDB_G0290785
DDB_G0290795
DDB_G0290799
DDB_G0290801
DDB_G0290851
DDB_G0290857
DDB_G0290877
DDB_G0290909
DDB_G0290919
DDB_G0290921
DDB_G0290927
DDB_G0290947
DDB_G0290977
DDB_G0290983
DDB_G0291003
DDB_G0291009
DDB_G0291013
DDB_G0291015
DDB_G0291029
DDB_G0291031
DDB_G0291037
DDB_G0291047
DDB_G0291057
DDB_G0291059
DDB_G0291061
DDB_G0291099
DDB_G0291129
DDB_G0291131
DDB_G0291145
DDB_G0291149
DDB_G0291155
DDB_G0291159
DDB_G0291161
DDB_G0291163
DDB_G0291173
DDB_G0291175
DDB_G0291179
DDB_G0291181
DDB_G0291195
DDB_G0291203
DDB_G0291229
DDB_G0291239
DDB_G0291263
DDB_G0291265
DDB_G0291271
DDB_G0291273
DDB_G0291279
DDB_G0291310
DDB_G0291318
DDB_G0291320
DDB_G0291324
DDB_G0291332
DDB_G0291336
DDB_G0291338
DDB_G0291346
DDB_G0291362
DDB_G0291366
DDB_G0291370
DDB_G0291376
DDB_G0291390
DDB_G0291400
DDB_G0291404
DDB_G0291412
DDB_G0291414
DDB_G0291416
DDB_G0291418
DDB_G0291438
DDB_G0291440
DDB_G0291452
DDB_G0291464
DDB_G0291466
DDB_G0291468
DDB_G0291482
DDB_G0291490
DDB_G0291512
DDB_G0291520
DDB_G0291526
DDB_G0291534
DDB_G0291554
DDB_G0291596
DDB_G0291598
DDB_G0291600
DDB_G0291606
DDB_G0291662
DDB_G0291670
DDB_G0291728
DDB_G0291730
DDB_G0291750
DDB_G0291756
DDB_G0291780
DDB_G0291800
DDB_G0291806
DDB_G0291814
DDB_G0291816
DDB_G0291828
DDB_G0291830
DDB_G0291832
DDB_G0291836
DDB_G0291838
DDB_G0291848
DDB_G0291852
DDB_G0291860
DDB_G0291864
DDB_G0291866
DDB_G0291872
DDB_G0291894
DDB_G0291896
DDB_G0291916
DDB_G0291918
DDB_G0291922
DDB_G0291924
DDB_G0291926
DDB_G0291986
DDB_G0291990
DDB_G0291992
DDB_G0292012
DDB_G0292032
DDB_G0292036
DDB_G0292040
DDB_G0292042
DDB_G0292048
DDB_G0292066
DDB_G0292072
DDB_G0292074
DDB_G0292106
DDB_G0292112
DDB_G0292116
DDB_G0292118
DDB_G0292124
DDB_G0292138
DDB_G0292152
DDB_G0292160
DDB_G0292192
DDB_G0292212
DDB_G0292216
DDB_G0292230
DDB_G0292232
DDB_G0292240
DDB_G0292242
DDB_G0292252
DDB_G0292264
DDB_G0292266
DDB_G0292286
DDB_G0292290
DDB_G0292292
DDB_G0292294
DDB_G0292296
DDB_G0292300
DDB_G0292302
DDB_G0292306
DDB_G0292312
DDB_G0292320
DDB_G0292326
DDB_G0292388
DDB_G0292396
DDB_G0292398
DDB_G0292408
DDB_G0292410
DDB_G0292414
DDB_G0292420
DDB_G0292424
DDB_G0292428
DDB_G0292430
DDB_G0292436
DDB_G0292448
DDB_G0292460
DDB_G0292464
DDB_G0292468
DDB_G0292470
DDB_G0292478
DDB_G0292504
DDB_G0292510
DDB_G0292520
DDB_G0292524
DDB_G0292530
DDB_G0292538
DDB_G0292566
DDB_G0292568
DDB_G0292588
DDB_G0292592
DDB_G0292594
DDB_G0292596
DDB_G0292608
DDB_G0292620
DDB_G0292632
DDB_G0292638
DDB_G0292640
DDB_G0292654
DDB_G0292662
DDB_G0292666
DDB_G0292676
DDB_G0292678
DDB_G0292680
DDB_G0292682
DDB_G0292688
DDB_G0292690
DDB_G0292710
DDB_G0292722
DDB_G0292724
DDB_G0292750
DDB_G0292752
DDB_G0292764
DDB_G0292766
DDB_G0292770
DDB_G0292774
DDB_G0292778
DDB_G0292780
DDB_G0292806
DDB_G0292818
DDB_G0292832
DDB_G0292838
DDB_G0292850
DDB_G0292858
DDB_G0292860
DDB_G0292868
DDB_G0292870
DDB_G0292876
DDB_G0292882
DDB_G0292892
DDB_G0292894
DDB_G0292898
DDB_G0292904
DDB_G0292906
DDB_G0292924
DDB_G0292960
DDB_G0292972
DDB_G0292974
DDB_G0293000
DDB_G0293050
DDB_G0293052
DDB_G0293068
DDB_G0293076
DDB_G0293086
DDB_G0293088
DDB_G0293090
DDB_G0293098
DDB_G0293102
DDB_G0293118
DDB_G0293128
DDB_G0293166
DDB_G0293170
DDB_G0293178
DDB_G0293184
DDB_G0293188
DDB_G0293192
DDB_G0293218
DDB_G0293222
DDB_G0293224
DDB_G0293228
DDB_G0293234
DDB_G0293244
DDB_G0293248
DDB_G0293250
DDB_G0293264
DDB_G0293294
DDB_G0293300
DDB_G0293306
DDB_G0293308
DDB_G0293332
DDB_G0293370
DDB_G0293372
DDB_G0293380
DDB_G0293394
DDB_G0293404
DDB_G0293412
DDB_G0293428
DDB_G0293448
DDB_G0293462
DDB_G0293468
DDB_G0293476
DDB_G0293478
DDB_G0293484
DDB_G0293498
DDB_G0293500
DDB_G0293510
DDB_G0293512
DDB_G0293520
DDB_G0293524
DDB_G0293528
DDB_G0293546
DDB_G0293548
DDB_G0293552
DDB_G0293554
DDB_G0293562
DDB_G0293576
DDB_G0293584
DDB_G0293588
DDB_G0293596
DDB_G0293608
DDB_G0293618
DDB_G0293620
DDB_G0293622
DDB_G0293626
DDB_G0293628
DDB_G0293636
DDB_G0293658
DDB_G0293682
DDB_G0293694
DDB_G0293740
DDB_G0293742
DDB_G0293752
DDB_G0293812
DDB_G0293826
DDB_G0293828
DDB_G0293830
DDB_G0293838
DDB_G0293844
DDB_G0293848
DDB_G0293856
DDB_G0293862
DDB_G0293866
DDB_G0293868
DDB_G0293914
DDB_G0293922
DDB_G0293924
DDB_G0293938
DDB_G0293944
DDB_G0293946
DDB_G0293982
DDB_G0293984
DDB_G0293988
DDB_G0294290
DDB_G0294559
DDB_G0294597
DDB_G0294609
DDB_G0294611
DDB_G0294617
DDB_G0294629
DDB_G0295477
DDB_G0295657
DDB_G0295677
DDB_G0295687
DDB_G0295689
DDB_G0295697
DDB_G0295731
DDB_G0295765
DDB_G0295781
DDB_G0295791
DDB_G0295793
DDB_G0295817
DDB_G0295825
DDB_G0302676
