DFA_06985
DFA_10857
DFA_04490
DFA_10588
DFA_08460
DFA_00815
DFA_05927
DFA_06228
DFA_11361
DFA_03774
DFA_10655
DFA_08766
DFA_06588
DFA_10004
DFA_10003
DFA_08627
DFA_04762
DFA_09974
DFA_08770
DFA_00332
DFA_07698
DFA_09120
DFA_06106
DFA_08768
DFA_07663
DFA_04489
DFA_00368
DFA_07958
DFA_03404
DFA_11575
DFA_03548
DFA_11925
DFA_07107
DFA_08861
DFA_10620
DFA_12032
DFA_09779
DFA_09260
DFA_05095
DFA_04604
DFA_04830
DFA_06478
DFA_00177
DFA_04804
DFA_09386
DFA_03354
DFA_05876
DFA_03347
DFA_08459
DFA_08461
DFA_08457
DFA_07497
DFA_10998
DFA_03846
DFA_03839
DFA_08503
DFA_07927
DFA_09784
DFA_01703
DFA_01767
DFA_00342
DFA_11424
DFA_01023
DFA_05427
DFA_01520
DFA_02968
DFA_09368
DFA_02443
DFA_00351
DFA_10140
DFA_10141
DFA_12150
DFA_04338
DFA_09676
DFA_04561
DFA_02197
DFA_11796
DFA_08774
DFA_07910
DFA_03501
DFA_07367
DFA_05443
DFA_00329
DFA_11354
DFA_11356
DFA_07680
DFA_04840
DFA_07198
DFA_06986
DFA_04403
DFA_04518
DFA_07096
DFA_10653
DFA_07664
DFA_12152
DFA_03549
DFA_01248
DFA_04444
DFA_10511
DFA_12016
DFA_10609
DFA_10788
DFA_09022
DFA_07831
DFA_08767
DFA_01559
DFA_01518
DFA_07625
DFA_05185
DFA_04679
DFA_03207
DFA_10152
DFA_09124
DFA_07753
DFA_09443
DFA_11257
DFA_04908
DFA_09781
DFA_01660
DFA_08402
DFA_09345
DFA_02714
DFA_09494
DFA_09968
DFA_09967
DFA_08453
DFA_11296
DFA_11295
DFA_05728
DFA_10709
DFA_07299
DFA_11947
DFA_01563
DFA_08126
DFA_06363
DFA_10053
DFA_10054
DFA_06019
DFA_05562
DFA_11537
DFA_09782
DFA_05966
DFA_10689
DFA_07391
DFA_08757
DFA_07886
DFA_05244
DFA_11950
DFA_01843
DFA_02655
DFA_09343
DFA_01481
DFA_05400
DFA_11302
DFA_02729
DFA_03137
DFA_10137
DFA_03195
DFA_05418
DFA_05790
DFA_07338
DFA_05529
DFA_10563
DFA_06971
DFA_02676
DFA_08509
DFA_08213
DFA_11902
DFA_07430
DFA_06065
DFA_10610
DFA_04963
DFA_04964
DFA_05132
DFA_09040
DFA_07763
DFA_10600
DFA_04248
DFA_11901
DFA_09004
DFA_10861
DFA_06022
DFA_05680
DFA_00606
DFA_06021
DFA_08385
DFA_02489
DFA_02477
DFA_08367
DFA_08202
DFA_04472
DFA_02754
DFA_00146
DFA_07118
DFA_04251
DFA_01746
DFA_04304
DFA_05974
DFA_09341
DFA_04864
DFA_00950
DFA_00949
DFA_04792
DFA_00233
DFA_00234
DFA_05358
DFA_07963
DFA_11813
DFA_07962
DFA_07961
DFA_07972
DFA_07957
DFA_02725
DFA_01663
DFA_01669
DFA_03187
DFA_01671
DFA_03889
DFA_01220
DFA_02532
DFA_00396
DFA_01527
DFA_05956
DFA_10027
DFA_12334
DFA_07627
DFA_01221
DFA_02748
DFA_02720
DFA_02722
DFA_02724
DFA_10167
DFA_01606
DFA_06927
DFA_02678
DFA_01684
DFA_01497
DFA_07880
DFA_12291
DFA_11795
DFA_01079
DFA_09234
DFA_05423
DFA_07971
DFA_05413
DFA_10530
DFA_03371
DFA_09519
DFA_01060
DFA_05860
DFA_09638
DFA_04053
DFA_05848
DFA_10735
DFA_11767
DFA_04207
DFA_01073
DFA_01074
DFA_00738
DFA_05846
DFA_09521
DFA_02908
DFA_07546
DFA_06593
DFA_03450
DFA_02670
DFA_06030
DFA_03141
DFA_09927
DFA_02123
DFA_01057
DFA_02727
DFA_04343
DFA_00600
DFA_03518
DFA_04811
DFA_12242
DFA_00025
DFA_08554
DFA_06242
DFA_11589
DFA_11417
DFA_05637
DFA_11670
DFA_10122
DFA_10572
DFA_10526
DFA_11784
DFA_10313
DFA_11581
DFA_06095
DFA_01102
DFA_09148
DFA_01064
DFA_01062
DFA_01103
DFA_01061
DFA_08370
DFA_02956
DFA_01471
DFA_04246
DFA_00548
DFA_01875
DFA_00554
DFA_10119
DFA_09314
DFA_02736
DFA_01577
DFA_02491
DFA_00507
DFA_07943
DFA_03974
DFA_07696
DFA_05671
DFA_10564
DFA_05460
DFA_09206
DFA_01794
DFA_05694
DFA_00458
DFA_07670
DFA_10139
DFA_07710
DFA_10310
DFA_07565
DFA_03491
DFA_01040
DFA_09038
DFA_06010
DFA_04136
DFA_11954
DFA_01503
DFA_05997
DFA_07676
DFA_04719
DFA_03142
DFA_05395
DFA_00216
DFA_03870
DFA_01218
DFA_09915
DFA_11718
DFA_10565
DFA_10326
DFA_07568
DFA_02730
DFA_00043
DFA_02905
DFA_01459
DFA_07142
DFA_04744
DFA_05915
DFA_10138
DFA_00927
DFA_05419
DFA_02478
DFA_05878
DFA_04759
DFA_00926
DFA_07964
DFA_01667
DFA_06725
DFA_02721
DFA_07392
DFA_11721
DFA_03403
DFA_07669
DFA_06597
DFA_09101
DFA_02122
DFA_02157
DFA_11807
DFA_03224
DFA_11814
DFA_00723
DFA_08060
DFA_09012
DFA_08279
DFA_05399
DFA_08917
DFA_08882
DFA_00356
DFA_01614
DFA_00004
DFA_00017
DFA_00015
DFA_10966
DFA_07325
DFA_02201
DFA_00420
DFA_11236
DFA_07549
DFA_10659
DFA_00794
DFA_11981
DFA_05819
DFA_00003
DFA_08916
DFA_01737
DFA_03346
DFA_03493
DFA_07571
DFA_02238
DFA_03190
DFA_05965
DFA_07803
DFA_04463
DFA_04916
DFA_03196
DFA_05977
DFA_05981
DFA_10999
DFA_05996
DFA_03984
DFA_11707
DFA_05976
DFA_11636
DFA_04498
DFA_05508
DFA_06073
DFA_03754
DFA_10690
DFA_06076
DFA_08105
DFA_02056
DFA_06149
DFA_06150
DFA_09013
DFA_09935
DFA_07323
DFA_07287
DFA_01994
DFA_01995
DFA_11617
DFA_09761
DFA_01690
DFA_09324
DFA_01113
DFA_11240
DFA_11241
DFA_11242
DFA_01027
DFA_04717
DFA_00783
DFA_03459
DFA_10103
DFA_00870
DFA_11505
DFA_04729
DFA_04720
DFA_07335
DFA_11753
DFA_09103
DFA_10920
DFA_00842
DFA_07152
DFA_06871
DFA_08956
DFA_12029
DFA_07598
DFA_11816
DFA_04777
DFA_12348
DFA_10953
DFA_11750
DFA_03002
DFA_10082
DFA_04722
DFA_08135
DFA_10212
DFA_01973
DFA_04680
DFA_05797
DFA_07737
DFA_00689
DFA_05958
DFA_11530
DFA_01224
DFA_10471
DFA_11595
DFA_05686
DFA_05987
DFA_10447
DFA_11470
DFA_10211
DFA_01933
DFA_03556
DFA_06606
DFA_10200
DFA_02287
DFA_01715
DFA_04707
DFA_09366
DFA_00843
DFA_02602
DFA_05691
DFA_05764
DFA_02603
DFA_10192
DFA_09313
DFA_06554
DFA_12240
DFA_01108
DFA_09857
DFA_02995
DFA_00446
DFA_01658
DFA_03884
DFA_06459
DFA_06505
DFA_00314
DFA_00617
DFA_07457
DFA_03439
DFA_06212
DFA_11792
DFA_12281
DFA_04453
DFA_09132
DFA_08117
DFA_05863
DFA_07005
DFA_06517
DFA_08067
DFA_03946
DFA_11247
DFA_02504
DFA_02505
DFA_08064
DFA_08696
DFA_00678
DFA_04291
DFA_03157
DFA_02640
DFA_02576
DFA_04847
DFA_05703
DFA_03161
DFA_03755
DFA_11720
DFA_01448
DFA_04140
DFA_05182
DFA_05198
DFA_05197
DFA_02155
DFA_00034
DFA_03621
DFA_03406
DFA_04458
DFA_04500
DFA_11645
DFA_04432
DFA_01449
DFA_06509
DFA_06508
DFA_04112
DFA_05448
DFA_04457
DFA_11306
DFA_02169
DFA_02710
DFA_01365
DFA_00867
DFA_07969
DFA_09872
DFA_02223
DFA_05582
DFA_03693
DFA_06565
DFA_00086
DFA_03156
DFA_09330
DFA_02644
DFA_04844
DFA_01453
DFA_05998
DFA_01408
DFA_06359
DFA_05179
DFA_03777
DFA_01717
DFA_05439
DFA_05181
DFA_08454
DFA_07099
DFA_03438
DFA_07810
DFA_06097
DFA_08006
DFA_08595
DFA_07503
DFA_02937
DFA_08227
DFA_02560
DFA_02494
DFA_01647
DFA_07285
DFA_02826
DFA_02827
DFA_01198
DFA_08973
DFA_09984
DFA_05445
DFA_01804
DFA_08399
DFA_05421
DFA_01806
DFA_00218
DFA_10997
DFA_10826
DFA_11284
DFA_05621
DFA_10389
DFA_01741
DFA_11673
DFA_11808
DFA_03583
DFA_03582
DFA_03579
DFA_03945
DFA_00739
DFA_11794
DFA_05314
DFA_03578
DFA_05946
DFA_02444
DFA_03017
DFA_06364
DFA_10247
DFA_04918
DFA_11275
DFA_01828
DFA_00937
DFA_03395
DFA_06013
DFA_08690
DFA_09695
DFA_03757
DFA_02484
DFA_08102
DFA_08076
DFA_00741
DFA_04822
DFA_04826
DFA_07028
DFA_02538
DFA_03714
DFA_01211
DFA_01212
DFA_03165
DFA_11414
DFA_08998
DFA_08999
DFA_01425
DFA_03992
DFA_08177
DFA_01808
DFA_00938
DFA_09679
DFA_09466
DFA_01443
DFA_03993
DFA_11049
DFA_04825
DFA_06055
DFA_04154
DFA_01050
DFA_03985
DFA_01424
DFA_04586
DFA_10733
DFA_02657
DFA_10188
DFA_09531
DFA_10183
DFA_11832
DFA_03608
DFA_01592
DFA_11880
DFA_12255
DFA_03016
DFA_01538
DFA_02244
DFA_10115
DFA_10114
DFA_10930
DFA_07988
DFA_06236
DFA_08051
DFA_00935
DFA_08626
DFA_03780
DFA_03418
DFA_04401
DFA_02534
DFA_08120
DFA_04712
DFA_08119
DFA_11378
DFA_09405
DFA_11377
DFA_09409
DFA_10168
DFA_09364
DFA_11825
DFA_07421
DFA_12195
DFA_02003
DFA_06015
DFA_02005
DFA_00432
DFA_00431
DFA_08286
DFA_05879
DFA_04538
DFA_05982
DFA_00583
DFA_06334
DFA_00559
DFA_09631
DFA_03060
DFA_07738
DFA_07126
DFA_07128
DFA_01651
DFA_01948
DFA_08240
DFA_12179
DFA_07464
DFA_07463
DFA_11564
DFA_11553
DFA_11552
DFA_06257
DFA_06350
DFA_01383
DFA_06889
DFA_01949
DFA_02285
DFA_01343
DFA_04770
DFA_05435
DFA_00419
DFA_11056
DFA_04769
DFA_04642
DFA_04703
DFA_11349
DFA_00691
DFA_11337
DFA_01689
DFA_04616
DFA_07119
DFA_07486
DFA_06036
DFA_00429
DFA_00905
DFA_05939
DFA_04808
DFA_05761
DFA_03417
DFA_04016
DFA_00416
DFA_11334
DFA_04646
DFA_08045
DFA_03801
DFA_01870
DFA_12226
DFA_08723
DFA_05080
DFA_06035
DFA_09021
DFA_01036
DFA_05519
DFA_05522
DFA_05520
DFA_09646
DFA_03771
DFA_09665
DFA_09663
DFA_01090
DFA_00511
DFA_04633
DFA_04632
DFA_01081
DFA_03807
DFA_08840
DFA_03849
DFA_08845
DFA_09648
DFA_03800
DFA_03793
DFA_10790
DFA_05942
DFA_01089
DFA_09044
DFA_00982
DFA_03071
DFA_03068
DFA_01083
DFA_03805
DFA_00512
DFA_03770
DFA_09752
DFA_05944
DFA_01616
DFA_05795
DFA_01901
DFA_01091
DFA_03559
DFA_08700
DFA_03598
DFA_11471
DFA_03327
DFA_02438
DFA_05531
DFA_08720
DFA_04533
DFA_12339
DFA_07728
DFA_11022
DFA_07322
DFA_05528
DFA_02424
DFA_05913
DFA_05527
DFA_00040
DFA_11457
DFA_06657
DFA_11460
DFA_09122
DFA_08716
DFA_11465
DFA_09852
DFA_03202
DFA_03204
DFA_12208
DFA_03841
DFA_01456
DFA_12171
DFA_06296
DFA_12321
DFA_10892
DFA_07833
DFA_04998
DFA_03575
DFA_01352
DFA_08011
DFA_04999
DFA_08534
DFA_00521
DFA_08302
DFA_08787
DFA_10705
DFA_12155
DFA_10694
DFA_10693
DFA_11941
DFA_12083
DFA_04427
DFA_12140
DFA_12144
DFA_12202
DFA_00868
DFA_03477
DFA_03463
DFA_03465
DFA_01696
DFA_01353
DFA_08762
DFA_03242
DFA_03240
DFA_05449
DFA_03096
DFA_03095
DFA_04312
DFA_00315
DFA_05926
DFA_00831
DFA_10766
DFA_05130
DFA_09780
DFA_06238
DFA_02172
DFA_11998
DFA_00928
DFA_09920
DFA_10893
DFA_08625
DFA_08871
DFA_02426
DFA_04859
DFA_10448
DFA_03304
DFA_02026
DFA_03758
DFA_05733
DFA_01168
DFA_03838
DFA_10916
DFA_10597
DFA_00897
DFA_11652
DFA_08084
DFA_08082
DFA_11729
DFA_11727
DFA_04488
DFA_10051
DFA_05491
DFA_00821
DFA_00822
DFA_06068
DFA_10941
DFA_03287
DFA_08484
DFA_08541
DFA_09791
DFA_05492
DFA_10265
DFA_02777
DFA_04989
DFA_11607
DFA_03227
DFA_04522
DFA_04418
DFA_07058
DFA_08528
DFA_06626
DFA_05339
DFA_00602
DFA_12137
DFA_09731
DFA_05777
DFA_05960
DFA_08778
DFA_08232
DFA_06982
DFA_05001
DFA_07459
DFA_05074
DFA_05173
DFA_12289
DFA_12100
DFA_03122
DFA_11499
DFA_09733
DFA_03886
DFA_08268
DFA_08267
DFA_11692
DFA_06702
DFA_06620
DFA_06622
DFA_04058
DFA_04772
DFA_06624
DFA_00638
DFA_06057
DFA_00543
DFA_01143
DFA_10808
DFA_07379
DFA_05253
DFA_08297
DFA_03323
DFA_01241
DFA_01239
DFA_04857
DFA_05726
DFA_03075
DFA_08566
DFA_01836
DFA_02521
DFA_02526
DFA_04054
DFA_04216
DFA_08405
DFA_00566
DFA_08941
DFA_04960
DFA_03431
DFA_10025
DFA_02751
DFA_05596
DFA_10824
DFA_04751
DFA_04750
DFA_04742
DFA_00229
DFA_00395
DFA_00224
DFA_00230
DFA_09471
DFA_09472
DFA_09470
DFA_07304
DFA_08971
DFA_09790
DFA_07542
DFA_08391
DFA_05727
DFA_11298
DFA_07418
DFA_03031
DFA_02262
DFA_02695
DFA_02697
DFA_02699
DFA_06390
DFA_07402
DFA_01558
DFA_06567
DFA_11809
DFA_11675
DFA_05227
DFA_05590
DFA_05309
DFA_09942
DFA_09275
DFA_03367
DFA_05364
DFA_00225
DFA_06766
DFA_06371
DFA_10005
DFA_10006
DFA_10008
DFA_09361
DFA_09362
DFA_05658
DFA_07462
DFA_08587
DFA_05389
DFA_06752
DFA_08352
DFA_08638
DFA_06435
DFA_03717
DFA_02886
DFA_05394
DFA_09698
DFA_11850
DFA_02007
DFA_02627
DFA_02638
DFA_02637
DFA_10355
DFA_10377
DFA_12335
DFA_09875
DFA_02728
DFA_06501
DFA_06498
DFA_00898
DFA_09017
DFA_04740
DFA_07132
DFA_01177
DFA_12330
DFA_10947
DFA_10629
DFA_10711
DFA_12337
DFA_12329
DFA_08404
DFA_09495
DFA_08408
DFA_06647
DFA_12007
DFA_01637
DFA_01431
DFA_01432
DFA_10464
DFA_11407
DFA_03522
DFA_06473
DFA_07234
DFA_08717
DFA_07991
DFA_07108
DFA_11290
DFA_06467
DFA_04138
DFA_03090
DFA_11255
DFA_03091
DFA_05975
DFA_01274
DFA_02673
DFA_08501
DFA_05230
DFA_03357
DFA_01555
DFA_09005
DFA_10078
DFA_10077
DFA_09496
DFA_09429
DFA_01728
DFA_04634
DFA_07779
DFA_06024
DFA_06025
DFA_06859
DFA_02885
DFA_05620
DFA_00202
DFA_03496
DFA_00203
DFA_04274
DFA_08947
DFA_04791
DFA_00122
DFA_10937
DFA_07242
DFA_02495
DFA_02550
DFA_06519
DFA_05826
DFA_00013
DFA_07778
DFA_04790
DFA_12073
DFA_04820
DFA_12022
DFA_01887
DFA_05622
DFA_03828
DFA_08248
DFA_02878
DFA_05554
DFA_04944
DFA_04837
DFA_02493
DFA_03577
DFA_10545
DFA_10505
DFA_10504
DFA_00428
DFA_03640
DFA_01593
DFA_12229
DFA_04479
DFA_02512
DFA_06281
DFA_10204
DFA_10696
DFA_09709
DFA_02551
DFA_02549
DFA_02513
DFA_04225
DFA_10227
DFA_01346
DFA_06653
DFA_00758
DFA_09827
DFA_04017
DFA_05983
DFA_03482
DFA_08869
DFA_02163
DFA_11569
DFA_10125
DFA_05481
DFA_04761
DFA_07926
DFA_03322
DFA_07279
DFA_07636
DFA_00976
DFA_00975
DFA_06264
DFA_12101
DFA_03968
DFA_05612
DFA_07919
DFA_11268
DFA_09241
DFA_02707
DFA_03321
DFA_03335
DFA_07109
DFA_03971
DFA_03938
DFA_03952
DFA_03953
DFA_11713
DFA_09205
DFA_03703
DFA_09666
DFA_07286
DFA_07283
DFA_06946
DFA_07567
DFA_02629
DFA_03336
DFA_03334
DFA_00965
DFA_12006
DFA_07365
DFA_07364
DFA_10885
DFA_07040
DFA_07357
DFA_08296
DFA_07150
DFA_00569
DFA_06145
DFA_02540
DFA_11237
DFA_08649
DFA_11245
DFA_08633
DFA_08634
DFA_03915
DFA_02001
DFA_03912
DFA_09140
DFA_09141
DFA_03452
DFA_04893
DFA_02024
DFA_01892
DFA_01476
DFA_10059
DFA_05836
DFA_05368
DFA_11037
DFA_02590
DFA_09088
DFA_09411
DFA_09412
DFA_09413
DFA_06595
DFA_03176
DFA_00408
DFA_05758
DFA_00939
DFA_05366
DFA_10540
DFA_09825
DFA_09823
DFA_05823
DFA_01878
DFA_11479
DFA_04644
DFA_04344
DFA_06860
DFA_12286
DFA_02596
DFA_01571
DFA_06697
DFA_06736
DFA_06735
DFA_00343
DFA_11040
DFA_02940
DFA_09869
DFA_05433
DFA_05409
DFA_05408
DFA_01996
DFA_00958
DFA_01955
DFA_00789
DFA_05536
DFA_09913
DFA_12231
DFA_03185
DFA_06612
DFA_02104
DFA_01193
DFA_03275
DFA_07614
DFA_07615
DFA_06080
DFA_10932
DFA_06081
DFA_05961
DFA_06613
DFA_05638
DFA_05608
DFA_08863
DFA_07825
DFA_09908
DFA_01550
DFA_03954
DFA_10143
DFA_01068
DFA_10819
DFA_11143
DFA_02429
DFA_00345
DFA_01157
DFA_10833
DFA_05396
DFA_07604
DFA_07610
DFA_11934
DFA_04175
DFA_08688
DFA_01044
DFA_08691
DFA_08695
DFA_07075
DFA_00336
DFA_11415
DFA_11594
DFA_06324
DFA_09766
DFA_09768
DFA_11657
DFA_10218
DFA_05480
DFA_05532
DFA_00907
DFA_09816
DFA_08376
DFA_06618
DFA_10035
DFA_07592
DFA_07417
DFA_10991
DFA_02183
DFA_11494
DFA_09953
DFA_08301
DFA_01608
DFA_06614
DFA_01609
DFA_11870
DFA_05288
DFA_00677
DFA_11272
DFA_05495
DFA_00244
DFA_08698
DFA_02148
DFA_09964
DFA_05473
DFA_05023
DFA_01317
DFA_02145
DFA_02149
DFA_01323
DFA_01322
DFA_01316
DFA_01313
DFA_07764
DFA_01987
DFA_04095
DFA_01321
DFA_06158
DFA_11503
DFA_11760
DFA_02190
DFA_02772
DFA_02771
DFA_00532
DFA_03664
DFA_00773
DFA_10598
DFA_09602
DFA_12068
DFA_09054
DFA_10575
DFA_01605
DFA_09085
DFA_07560
DFA_06050
DFA_01358
DFA_11756
DFA_01166
DFA_06053
DFA_06052
DFA_05502
DFA_10868
DFA_10867
DFA_06465
DFA_08798
DFA_00679
DFA_00430
DFA_03908
DFA_01590
DFA_03261
DFA_02177
DFA_08663
DFA_03861
DFA_08929
DFA_06649
DFA_07502
DFA_09861
DFA_04868
DFA_03904
DFA_10146
DFA_06069
DFA_04234
DFA_08384
DFA_04094
DFA_10751
DFA_03639
DFA_10665
DFA_09417
DFA_08982
DFA_10048
DFA_01229
DFA_03638
DFA_02894
DFA_03067
DFA_01052
DFA_09057
DFA_05985
DFA_09812
DFA_01677
DFA_06631
DFA_03597
DFA_03130
DFA_03132
DFA_03133
DFA_03134
DFA_05153
DFA_08660
DFA_01805
DFA_06447
DFA_09001
DFA_07011
DFA_03189
DFA_10959
DFA_10960
DFA_07993
DFA_08933
DFA_08372
DFA_08371
DFA_08383
DFA_05921
DFA_11751
DFA_01584
DFA_01087
DFA_10928
DFA_02598
DFA_05712
DFA_08373
DFA_09851
DFA_08659
DFA_04733
DFA_02562
DFA_08055
DFA_04093
DFA_08571
DFA_11787
DFA_04721
DFA_01678
DFA_10612
DFA_03707
DFA_09056
DFA_04779
DFA_00538
DFA_00653
DFA_05803
DFA_06218
DFA_02312
DFA_06635
DFA_06665
DFA_06479
DFA_08107
DFA_01289
DFA_07498
DFA_03180
DFA_07558
DFA_07557
DFA_07556
DFA_04601
DFA_03611
DFA_10032
DFA_11871
DFA_09388
DFA_01299
DFA_01510
DFA_01512
DFA_10958
DFA_06439
DFA_10034
DFA_07368
DFA_05151
DFA_01758
DFA_02932
DFA_11650
DFA_07847
DFA_09092
DFA_10809
DFA_04665
DFA_06691
DFA_05154
DFA_02116
DFA_10150
DFA_01831
DFA_06825
DFA_07066
DFA_09089
DFA_06831
DFA_05361
DFA_00994
DFA_06823
DFA_06362
DFA_08546
DFA_10914
DFA_02692
DFA_02693
DFA_07354
DFA_02171
DFA_05464
DFA_07540
DFA_01687
DFA_00568
DFA_07047
DFA_07046
DFA_00896
DFA_03998
DFA_02210
DFA_06676
DFA_01486
DFA_06425
DFA_01509
DFA_03835
DFA_03485
DFA_11619
DFA_00917
DFA_07104
DFA_07103
DFA_03373
DFA_06427
DFA_02271
DFA_07585
DFA_07309
DFA_07271
DFA_06426
DFA_08054
DFA_04241
DFA_01000
DFA_03922
DFA_05811
DFA_09498
DFA_04123
DFA_01125
DFA_02925
DFA_11741
DFA_11744
DFA_00592
DFA_08387
DFA_02272
DFA_02881
DFA_01823
DFA_01039
DFA_01041
DFA_01038
DFA_02192
DFA_08923
DFA_03117
DFA_12070
DFA_03565
DFA_09865
DFA_03263
DFA_06887
DFA_05633
DFA_05634
DFA_08855
DFA_09678
DFA_09136
DFA_11651
DFA_04589
DFA_00921
DFA_03763
DFA_08618
DFA_08622
DFA_08964
DFA_06974
DFA_06104
DFA_06102
DFA_10616
DFA_01189
DFA_04848
DFA_02712
DFA_03269
DFA_02276
DFA_02275
DFA_01295
DFA_08862
DFA_05402
DFA_05873
DFA_05403
DFA_03893
DFA_03894
DFA_07250
DFA_01777
DFA_01776
DFA_06979
DFA_05910
DFA_05911
DFA_10181
DFA_07955
DFA_04684
DFA_04682
DFA_07065
DFA_11618
DFA_11614
DFA_11700
DFA_12234
DFA_10179
DFA_09899
DFA_09375
DFA_03349
DFA_04863
DFA_01292
DFA_01293
DFA_01294
DFA_05146
DFA_10260
DFA_00222
DFA_01263
DFA_00591
DFA_07204
DFA_01288
DFA_02893
DFA_02891
DFA_02766
DFA_00387
DFA_05428
DFA_11427
DFA_11428
DFA_00768
DFA_01936
DFA_02045
DFA_00699
DFA_05177
DFA_10870
DFA_05468
DFA_00929
DFA_01668
DFA_00932
DFA_10900
DFA_12360
DFA_12361
DFA_09069
DFA_07225
DFA_09016
DFA_09778
DFA_02509
DFA_00673
DFA_06304
DFA_06355
DFA_08794
DFA_08555
DFA_07467
DFA_10725
DFA_05524
DFA_02510
DFA_00104
DFA_00904
DFA_02422
DFA_09437
DFA_00841
DFA_05498
DFA_00715
DFA_01484
DFA_05266
DFA_01035
DFA_03892
DFA_09450
DFA_00726
DFA_00724
DFA_01782
DFA_00786
DFA_11068
DFA_00740
DFA_05264
DFA_01005
DFA_01791
DFA_04564
DFA_09325
DFA_04678
DFA_10567
DFA_10205
DFA_00297
DFA_10618
DFA_04430
DFA_09971
DFA_11920
DFA_06819
DFA_05353
DFA_05354
DFA_04511
DFA_00684
DFA_10839
DFA_10666
DFA_01283
DFA_11483
DFA_07187
DFA_00820
DFA_04213
DFA_08592
DFA_06382
DFA_00053
DFA_07538
DFA_11639
DFA_11638
DFA_05700
DFA_04067
DFA_04065
DFA_01670
DFA_07513
DFA_04802
DFA_11646
DFA_10101
DFA_05094
DFA_00072
DFA_05340
DFA_09932
DFA_09500
DFA_02702
DFA_03170
DFA_02573
DFA_08455
DFA_05335
DFA_06935
DFA_05412
DFA_05379
DFA_09630
DFA_09036
DFA_02624
DFA_09192
DFA_09792
DFA_05228
DFA_08525
DFA_09878
DFA_00881
DFA_01011
DFA_06258
DFA_09128
DFA_01986
DFA_06424
DFA_06547
DFA_02506
DFA_06128
DFA_11889
DFA_00276
DFA_05377
DFA_05378
DFA_01010
DFA_03596
DFA_09014
DFA_05736
DFA_05734
DFA_07539
DFA_07257
DFA_10770
DFA_11878
DFA_00011
DFA_07197
DFA_02782
DFA_01312
DFA_03478
DFA_01008
DFA_03999
DFA_01246
DFA_01707
DFA_03635
DFA_11258
DFA_10677
DFA_11810
DFA_08609
DFA_05070
DFA_09403
DFA_00118
DFA_07573
DFA_10945
DFA_01438
DFA_03569
DFA_03646
DFA_01059
DFA_04677
DFA_01537
DFA_10550
DFA_11021
DFA_11429
DFA_08931
DFA_05141
DFA_04485
DFA_02057
DFA_07524
DFA_06790
DFA_05738
DFA_09601
DFA_08672
DFA_08614
DFA_07890
DFA_06507
DFA_09912
DFA_11703
DFA_12043
DFA_08685
DFA_09072
DFA_04797
DFA_09514
DFA_09499
DFA_11478
DFA_01795
DFA_01273
DFA_08498
DFA_01603
DFA_04532
DFA_09637
DFA_03302
DFA_02574
DFA_08335
DFA_01139
DFA_01137
DFA_03613
DFA_08521
DFA_05250
DFA_01710
DFA_01192
DFA_11786
DFA_08491
DFA_03441
DFA_08075
DFA_02607
DFA_03182
DFA_01649
DFA_02216
DFA_10664
DFA_04692
DFA_07267
DFA_04775
DFA_10278
DFA_10279
DFA_08049
DFA_09776
DFA_07265
DFA_10823
DFA_07266
DFA_06909
DFA_12362
DFA_10909
DFA_10338
DFA_03822
DFA_03442
DFA_12132
DFA_04776
DFA_06583
DFA_08738
DFA_01532
DFA_03350
DFA_09172
DFA_05957
DFA_10634
DFA_05128
DFA_08985
DFA_02486
DFA_01544
DFA_12099
DFA_09969
DFA_09175
DFA_00227
DFA_08535
DFA_01236
DFA_00525
DFA_09259
DFA_07191
DFA_07166
DFA_03102
DFA_09137
DFA_09887
DFA_09683
DFA_00292
DFA_09795
DFA_01941
DFA_08325
DFA_00827
DFA_10799
DFA_07673
DFA_11520
DFA_10591
DFA_11521
DFA_09843
DFA_02161
DFA_06534
DFA_10669
DFA_06948
DFA_03689
DFA_07746
DFA_07743
DFA_05252
DFA_08803
DFA_10843
DFA_11655
DFA_12216
DFA_05837
DFA_09083
DFA_08568
DFA_10813
DFA_10812
DFA_10834
DFA_00909
DFA_12136
DFA_08538
DFA_03100
DFA_09711
DFA_07981
DFA_11836
DFA_05732
DFA_02420
DFA_06906
DFA_01974
DFA_11803
DFA_06191
DFA_05075
DFA_07264
DFA_04950
DFA_11456
DFA_11455
DFA_04482
DFA_11454
DFA_10109
DFA_05822
DFA_07079
DFA_10835
DFA_09130
DFA_05739
DFA_09179
DFA_07081
DFA_04839
DFA_04581
DFA_11690
DFA_03094
DFA_09051
DFA_01176
DFA_00528
DFA_11888
DFA_03521
DFA_10802
DFA_10811
DFA_05698
DFA_10595
DFA_00529
DFA_09774
DFA_09775
DFA_08274
DFA_08599
DFA_03587
DFA_04699
DFA_03694
DFA_05404
DFA_10596
DFA_08204
DFA_05407
DFA_09248
DFA_05336
DFA_06194
DFA_03711
DFA_04655
DFA_11048
DFA_11080
DFA_05405
DFA_11222
DFA_06998
DFA_10269
DFA_04341
DFA_04340
DFA_11955
DFA_09933
DFA_01381
DFA_11044
DFA_11082
DFA_08925
DFA_11937
DFA_01380
DFA_11055
DFA_11057
DFA_04675
DFA_05066
DFA_11029
DFA_07945
DFA_00661
DFA_11060
DFA_01505
DFA_01826
DFA_11063
DFA_11171
DFA_08012
DFA_03212
DFA_02558
DFA_02507
DFA_05553
DFA_11989
DFA_03226
DFA_03124
DFA_03123
DFA_08488
DFA_02645
DFA_04168
DFA_08273
DFA_11487
DFA_01404
DFA_01405
DFA_09033
DFA_04001
DFA_09902
DFA_00660
DFA_11038
DFA_11028
DFA_11043
DFA_07144
DFA_05801
DFA_01997
DFA_11084
DFA_03648
DFA_11046
DFA_03448
DFA_11905
DFA_02268
DFA_02267
DFA_08733
DFA_08939
DFA_08414
DFA_11132
DFA_11235
DFA_11228
DFA_03688
DFA_11123
DFA_11131
DFA_11104
DFA_05802
DFA_07356
DFA_12004
DFA_12005
DFA_08797
DFA_09542
DFA_04483
DFA_11291
DFA_08859
DFA_09520
DFA_11515
DFA_11191
DFA_06248
DFA_02288
DFA_08311
DFA_01171
DFA_05208
DFA_01361
DFA_07253
DFA_06990
DFA_07206
DFA_09907
DFA_02451
DFA_04272
DFA_05210
DFA_05172
DFA_11669
DFA_11602
DFA_02127
DFA_11565
DFA_11605
DFA_05037
DFA_02663
DFA_05034
DFA_04832
DFA_04852
DFA_01599
DFA_02542
DFA_09449
DFA_02501
DFA_02498
DFA_05618
DFA_00334
DFA_00335
DFA_07474
DFA_01155
DFA_04426
DFA_09923
DFA_11939
DFA_07077
DFA_07076
DFA_07209
DFA_10057
DFA_10058
DFA_03514
DFA_02587
DFA_00873
DFA_06976
DFA_04824
DFA_03817
DFA_03814
DFA_07078
DFA_01104
DFA_03554
DFA_01461
DFA_11724
DFA_11497
DFA_06468
DFA_07437
DFA_07435
DFA_11973
DFA_01397
DFA_07493
DFA_08434
DFA_11687
DFA_10393
DFA_11907
DFA_08914
DFA_02992
DFA_11714
DFA_07386
DFA_07679
DFA_08975
DFA_07330
DFA_11635
DFA_10501
DFA_11824
DFA_11779
DFA_02117
DFA_03168
DFA_00087
DFA_11531
DFA_11674
DFA_08558
DFA_08559
DFA_00636
DFA_01455
DFA_03277
DFA_11778
DFA_08704
DFA_09925
DFA_09924
DFA_05629
DFA_08866
DFA_04165
DFA_02006
DFA_00103
DFA_07616
DFA_00406
DFA_07494
DFA_06570
DFA_01374
DFA_00340
DFA_01376
DFA_01372
DFA_04249
DFA_10191
DFA_01371
DFA_03337
DFA_01262
DFA_07912
DFA_01399
DFA_02922
DFA_04746
DFA_02213
DFA_02220
DFA_02221
DFA_04758
DFA_03697
DFA_01348
DFA_03680
DFA_06970
DFA_07786
DFA_10244
DFA_10071
DFA_03653
DFA_03652
DFA_01681
DFA_06092
DFA_06655
DFA_06654
DFA_11379
DFA_00449
DFA_02208
DFA_01280
DFA_02950
DFA_11628
DFA_12008
DFA_09107
DFA_11400
DFA_03553
DFA_11662
DFA_07788
DFA_00857
DFA_00856
DFA_03333
DFA_00858
DFA_05488
DFA_12089
DFA_06882
DFA_02718
DFA_07940
DFA_08737
DFA_07170
DFA_03194
DFA_11561
DFA_08407
DFA_01966
DFA_04061
DFA_07476
DFA_01165
DFA_01992
DFA_10249
DFA_03188
DFA_00859
DFA_06883
DFA_10876
DFA_07193
DFA_03663
DFA_01726
DFA_08819
DFA_04144
DFA_04643
DFA_11516
DFA_05697
DFA_04026
DFA_04027
DFA_04037
DFA_06329
DFA_10910
DFA_11371
DFA_07781
DFA_04025
DFA_06026
DFA_10864
DFA_04126
DFA_02202
DFA_06460
DFA_08290
DFA_01991
DFA_03383
DFA_05838
DFA_02347
DFA_05668
DFA_02929
DFA_02822
DFA_09510
DFA_00520
DFA_03519
DFA_10226
DFA_05351
DFA_12110
DFA_02463
DFA_00629
DFA_03810
DFA_03368
DFA_05675
DFA_02248
DFA_11738
DFA_07168
DFA_07241
DFA_10988
DFA_01772
DFA_04615
DFA_05611
DFA_01436
DFA_06226
DFA_01433
DFA_01769
DFA_07775
DFA_12108
DFA_10789
DFA_01328
DFA_04347
DFA_08392
DFA_08066
DFA_03753
DFA_03564
DFA_01158
DFA_10848
DFA_06699
DFA_09237
DFA_03340
DFA_07164
DFA_10392
DFA_11968
DFA_00671
DFA_03038
DFA_05542
DFA_08532
DFA_08198
DFA_02086
DFA_01803
DFA_08225
DFA_10638
DFA_09055
DFA_00771
DFA_10271
DFA_08093
DFA_05497
DFA_01201
DFA_01237
DFA_06670
DFA_08203
DFA_09236
DFA_10698
DFA_02930
DFA_11558
DFA_10120
DFA_09930
DFA_12056
DFA_12058
DFA_12081
DFA_09145
DFA_00701
DFA_00455
DFA_10944
DFA_11560
DFA_10847
DFA_08792
DFA_09894
DFA_07867
DFA_08957
DFA_03405
DFA_03398
DFA_10768
DFA_10769
DFA_03358
DFA_02464
DFA_05290
DFA_02914
DFA_02915
DFA_00100
DFA_01101
DFA_01100
DFA_01734
DFA_01732
DFA_09447
DFA_00848
DFA_09818
DFA_08010
DFA_10445
DFA_10015
DFA_12210
DFA_12212
DFA_09817
DFA_07071
DFA_09966
DFA_03173
DFA_10374
DFA_03041
DFA_00519
DFA_08760
DFA_00850
DFA_03310
DFA_03079
DFA_11827
DFA_01500
DFA_09503
DFA_06199
DFA_07431
DFA_08104
DFA_07448
DFA_01429
DFA_12257
DFA_12258
DFA_11571
DFA_00294
DFA_05303
DFA_10625
DFA_03246
DFA_09095
DFA_08615
DFA_03355
DFA_11826
DFA_10603
DFA_10599
DFA_10614
DFA_10611
DFA_01523
DFA_10707
DFA_12295
DFA_07719
DFA_11365
DFA_10926
DFA_12294
DFA_12254
DFA_03036
DFA_04907
DFA_09511
DFA_12013
DFA_00797
DFA_08652
DFA_09478
DFA_00010
DFA_04905
DFA_10977
DFA_07487
DFA_11991
DFA_09097
DFA_02236
DFA_05218
DFA_12359
DFA_09668
DFA_09667
DFA_11603
DFA_11604
DFA_01349
DFA_01714
DFA_09669
DFA_10803
DFA_10830
DFA_09512
DFA_01698
DFA_09434
DFA_08904
DFA_07098
DFA_03765
DFA_10002
DFA_05243
DFA_00349
DFA_07113
DFA_08783
DFA_08152
DFA_00363
DFA_07053
DFA_10797
DFA_09068
DFA_10758
DFA_09673
DFA_00370
DFA_08143
DFA_09008
DFA_01164
DFA_07432
DFA_05372
DFA_11472
DFA_09007
DFA_00018
DFA_05597
DFA_08608
DFA_11500
DFA_04563
DFA_10745
DFA_10850
DFA_10740
DFA_07105
DFA_07110
DFA_05215
DFA_07112
DFA_05641
DFA_07106
DFA_11908
DFA_06543
DFA_05434
DFA_10336
DFA_03546
DFA_02234
DFA_05384
DFA_07804
DFA_11402
DFA_01072
DFA_05888
DFA_08884
DFA_11940
DFA_11716
DFA_00798
DFA_06938
DFA_11019
DFA_01942
DFA_00016
DFA_11611
DFA_00962
